Archive member included to satisfy reference by file (symbol)

/usr/lib32/libc_nonshared.a(elf-init.oS)
                              /usr/lib/gcc/x86_64-linux-gnu/9/../../../../lib32/crt1.o (__libc_csu_init)
/usr/lib32/libc_nonshared.a(stack_chk_fail_local.oS)
                              /home/laurentiu-flavius/Desktop/RIOT/RIOT_Project/bin/native/application_riotlab1/client.o (__stack_chk_fail_local)

Merging program properties

Removed property 0xc0000002 to merge /usr/lib/gcc/x86_64-linux-gnu/9/../../../../lib32/crt1.o (0x3) and /home/laurentiu-flavius/Desktop/RIOT/RIOT_Project/bin/native/cpu/tramp.o (not found)
Removed property 0xc0000002 to merge /usr/lib/gcc/x86_64-linux-gnu/9/../../../../lib32/crt1.o (not found) and /home/laurentiu-flavius/Desktop/RIOT/RIOT_Project/bin/native/div/div.o (0x3)
Removed property 0xc0000002 to merge /usr/lib/gcc/x86_64-linux-gnu/9/../../../../lib32/crt1.o (not found) and /home/laurentiu-flavius/Desktop/RIOT/RIOT_Project/bin/native/frac/frac.o (0x3)
Removed property 0xc0000002 to merge /usr/lib/gcc/x86_64-linux-gnu/9/../../../../lib32/crt1.o (not found) and /home/laurentiu-flavius/Desktop/RIOT/RIOT_Project/bin/native/native_drivers/native-led.o (0x3)
Removed property 0xc0000002 to merge /usr/lib/gcc/x86_64-linux-gnu/9/../../../../lib32/crt1.o (not found) and /home/laurentiu-flavius/Desktop/RIOT/RIOT_Project/bin/native/native_drivers/native-qdec.o (0x3)
Removed property 0xc0000002 to merge /usr/lib/gcc/x86_64-linux-gnu/9/../../../../lib32/crt1.o (not found) and /home/laurentiu-flavius/Desktop/RIOT/RIOT_Project/bin/native/periph_common/gpio.o (0x3)
Removed property 0xc0000002 to merge /usr/lib/gcc/x86_64-linux-gnu/9/../../../../lib32/crt1.o (not found) and /home/laurentiu-flavius/Desktop/RIOT/RIOT_Project/bin/native/periph_common/init_leds.o (0x3)
Removed property 0xc0000002 to merge /usr/lib/gcc/x86_64-linux-gnu/9/../../../../lib32/crt1.o (not found) and /home/laurentiu-flavius/Desktop/RIOT/RIOT_Project/bin/native/periph_common/init.o (0x3)
Removed property 0xc0000002 to merge /usr/lib/gcc/x86_64-linux-gnu/9/../../../../lib32/crt1.o (not found) and /home/laurentiu-flavius/Desktop/RIOT/RIOT_Project/bin/native/periph_common/pm.o (0x3)
Removed property 0xc0000002 to merge /usr/lib/gcc/x86_64-linux-gnu/9/../../../../lib32/crt1.o (not found) and /home/laurentiu-flavius/Desktop/RIOT/RIOT_Project/bin/native/periph_common/timer.o (0x3)
Removed property 0xc0000002 to merge /usr/lib/gcc/x86_64-linux-gnu/9/../../../../lib32/crt1.o (not found) and /home/laurentiu-flavius/Desktop/RIOT/RIOT_Project/bin/native/periph/gpio_linux.o (0x3)
Removed property 0xc0000002 to merge /usr/lib/gcc/x86_64-linux-gnu/9/../../../../lib32/crt1.o (not found) and /home/laurentiu-flavius/Desktop/RIOT/RIOT_Project/bin/native/periph/pm.o (0x3)
Removed property 0xc0000002 to merge /usr/lib/gcc/x86_64-linux-gnu/9/../../../../lib32/crt1.o (not found) and /home/laurentiu-flavius/Desktop/RIOT/RIOT_Project/bin/native/periph/timer.o (0x3)
Removed property 0xc0000002 to merge /usr/lib/gcc/x86_64-linux-gnu/9/../../../../lib32/crt1.o (not found) and /home/laurentiu-flavius/Desktop/RIOT/RIOT_Project/bin/native/periph/uart.o (0x3)
Removed property 0xc0000002 to merge /usr/lib/gcc/x86_64-linux-gnu/9/../../../../lib32/crt1.o (not found) and /home/laurentiu-flavius/Desktop/RIOT/RIOT_Project/bin/native/stdio_native/stdio_native.o (0x3)
Removed property 0xc0000002 to merge /usr/lib/gcc/x86_64-linux-gnu/9/../../../../lib32/crt1.o (not found) and /home/laurentiu-flavius/Desktop/RIOT/RIOT_Project/bin/native/timex/timex.o (0x3)
Removed property 0xc0000002 to merge /usr/lib/gcc/x86_64-linux-gnu/9/../../../../lib32/crt1.o (not found) and /home/laurentiu-flavius/Desktop/RIOT/RIOT_Project/bin/native/timex/timex_to_str.o (0x3)
Removed property 0xc0000002 to merge /usr/lib/gcc/x86_64-linux-gnu/9/../../../../lib32/crt1.o (not found) and /home/laurentiu-flavius/Desktop/RIOT/RIOT_Project/bin/native/timex/tm.o (0x3)
Removed property 0xc0000002 to merge /usr/lib/gcc/x86_64-linux-gnu/9/../../../../lib32/crt1.o (not found) and /home/laurentiu-flavius/Desktop/RIOT/RIOT_Project/bin/native/ztimer_core/convert_frac.o (0x3)
Removed property 0xc0000002 to merge /usr/lib/gcc/x86_64-linux-gnu/9/../../../../lib32/crt1.o (not found) and /home/laurentiu-flavius/Desktop/RIOT/RIOT_Project/bin/native/ztimer_core/convert.o (0x3)
Removed property 0xc0000002 to merge /usr/lib/gcc/x86_64-linux-gnu/9/../../../../lib32/crt1.o (not found) and /home/laurentiu-flavius/Desktop/RIOT/RIOT_Project/bin/native/ztimer_core/convert_shift.o (0x3)
Removed property 0xc0000002 to merge /usr/lib/gcc/x86_64-linux-gnu/9/../../../../lib32/crt1.o (not found) and /home/laurentiu-flavius/Desktop/RIOT/RIOT_Project/bin/native/ztimer_core/core.o (0x3)
Removed property 0xc0000002 to merge /usr/lib/gcc/x86_64-linux-gnu/9/../../../../lib32/crt1.o (not found) and /home/laurentiu-flavius/Desktop/RIOT/RIOT_Project/bin/native/ztimer_core/init.o (0x3)
[...]
Memory Configuration

Name             Origin             Length             Attributes
*default*        0x0000000000000000 0xffffffffffffffff

Linker script and memory map

                [!provide]                        PROVIDE (__executable_start = SEGMENT_START ("text-segment", 0x8048000))
                0x0000000008048194                . = (SEGMENT_START ("text-segment", 0x8048000) + SIZEOF_HEADERS)

.interp         0x0000000008048194       0x13
 *(.interp)
 .interp        0x0000000008048194       0x13 /usr/lib/gcc/x86_64-linux-gnu/9/../../../../lib32/crt1.o

.note.gnu.build-id
                0x00000000080481a8       0x24
 *(.note.gnu.build-id)
 .note.gnu.build-id
                0x00000000080481a8       0x24 /usr/lib/gcc/x86_64-linux-gnu/9/../../../../lib32/crt1.o

.note.ABI-tag   0x00000000080481cc       0x20
 .note.ABI-tag  0x00000000080481cc       0x20 /usr/lib/gcc/x86_64-linux-gnu/9/../../../../lib32/crt1.o

.hash
 *(.hash)

.gnu.hash       0x00000000080481ec       0xc0
 *(.gnu.hash)
 .gnu.hash      0x00000000080481ec       0xc0 /usr/lib/gcc/x86_64-linux-gnu/9/../../../../lib32/crt1.o

.dynsym         0x00000000080482ac      0x3c0
 *(.dynsym)
 .dynsym        0x00000000080482ac      0x3c0 /usr/lib/gcc/x86_64-linux-gnu/9/../../../../lib32/crt1.o

.dynstr         0x000000000804866c      0x206
 *(.dynstr)
 .dynstr        0x000000000804866c      0x206 /usr/lib/gcc/x86_64-linux-gnu/9/../../../../lib32/crt1.o

.gnu.version    0x0000000008048872       0x78
 *(.gnu.version)
 .gnu.version   0x0000000008048872       0x78 /usr/lib/gcc/x86_64-linux-gnu/9/../../../../lib32/crt1.o

.gnu.version_d  0x00000000080488ec        0x0
 *(.gnu.version_d)
 .gnu.version_d
                0x00000000080488ec        0x0 /usr/lib/gcc/x86_64-linux-gnu/9/../../../../lib32/crt1.o

.gnu.version_r  0x00000000080488ec       0x70
 *(.gnu.version_r)
 .gnu.version_r
                0x00000000080488ec       0x70 /usr/lib/gcc/x86_64-linux-gnu/9/../../../../lib32/crt1.o

.rel.dyn        0x000000000804895c       0x28
 *(.rel.init)
 *(.rel.text .rel.text.* .rel.gnu.linkonce.t.*)
 .rel.text      0x000000000804895c        0x0 /usr/lib/gcc/x86_64-linux-gnu/9/../../../../lib32/crt1.o
 .rel.text.core_panic
                0x000000000804895c        0x0 /usr/lib/gcc/x86_64-linux-gnu/9/../../../../lib32/crt1.o
 .rel.text.startup
                0x000000000804895c        0x0 /usr/lib/gcc/x86_64-linux-gnu/9/../../../../lib32/crt1.o
 *(.rel.fini)
 *(.rel.rodata .rel.rodata.* .rel.gnu.linkonce.r.*)
 *(.rel.data.rel.ro .rel.data.rel.ro.* .rel.gnu.linkonce.d.rel.ro.*)
 .rel.data.rel.ro
                0x000000000804895c        0x0 /usr/lib/gcc/x86_64-linux-gnu/9/../../../../lib32/crt1.o
 *(.rel.data .rel.data.* .rel.gnu.linkonce.d.*)
 *(.rel.tdata .rel.tdata.* .rel.gnu.linkonce.td.*)
 *(.rel.tbss .rel.tbss.* .rel.gnu.linkonce.tb.*)
 *(.rel.ctors)
 *(.rel.dtors)
 *(.rel.got)
 .rel.got       0x000000000804895c       0x28 /usr/lib/gcc/x86_64-linux-gnu/9/../../../../lib32/crt1.o
 *(.rel.bss .rel.bss.* .rel.gnu.linkonce.b.*)
 .rel.bss       0x0000000008048984        0x0 /usr/lib/gcc/x86_64-linux-gnu/9/../../../../lib32/crt1.o
 *(.rel.ifunc)

.rel.plt        0x0000000008048984       0xf8
 *(.rel.plt)
 .rel.plt       0x0000000008048984       0xf8 /usr/lib/gcc/x86_64-linux-gnu/9/../../../../lib32/crt1.o
                [!provide]                        PROVIDE (__rel_iplt_start = .)
 *(.rel.iplt)
 .rel.iplt      0x0000000008048a7c        0x0 /usr/lib/gcc/x86_64-linux-gnu/9/../../../../lib32/crt1.o
                [!provide]                        PROVIDE (__rel_iplt_end = .)
                0x0000000008049000                . = ALIGN (CONSTANT (MAXPAGESIZE))

.init           0x0000000008049000       0x24
 *(SORT_NONE(.init))
 .init          0x0000000008049000       0x1f /usr/lib/gcc/x86_64-linux-gnu/9/../../../../lib32/crti.o
                0x0000000008049000                _init
 .init          0x000000000804901f        0x5 /usr/lib/gcc/x86_64-linux-gnu/9/../../../../lib32/crtn.o

.plt            0x0000000008049030      0x200
 *(.plt)
 .plt           0x0000000008049030      0x200 /usr/lib/gcc/x86_64-linux-gnu/9/../../../../lib32/crt1.o
                0x0000000008049040                read@@GLIBC_2.0
                0x0000000008049050                sigprocmask@@GLIBC_2.0
                0x0000000008049060                reallocarray@@GLIBC_2.26
                0x0000000008049070                setcontext@@GLIBC_2.0
                0x0000000008049080                __stack_chk_fail@@GLIBC_2.4
                0x0000000008049090                strerror@@GLIBC_2.0
                0x00000000080490a0                exit@@GLIBC_2.0
                0x00000000080490b0                kill@@GLIBC_2.0
                0x00000000080490c0                getopt_long@@GLIBC_2.0
                0x00000000080490d0                __libc_start_main@@GLIBC_2.0
                0x00000000080490e0                write@@GLIBC_2.0
                0x00000000080490f0                sigdelset@@GLIBC_2.0
                0x0000000008049100                getcontext@@GLIBC_2.1
                0x0000000008049110                sigaddset@@GLIBC_2.0
                0x0000000008049120                dlsym@@GLIBC_2.0
                0x0000000008049130                sigfillset@@GLIBC_2.0
                0x0000000008049140                snprintf@@GLIBC_2.0
                0x0000000008049150                swapcontext@@GLIBC_2.1
                0x0000000008049160                __errno_location@@GLIBC_2.0
                0x0000000008049170                fileno@@GLIBC_2.0
                0x0000000008049180                makecontext@@GLIBC_2.1
                0x0000000008049190                strndup@@GLIBC_2.0
                0x00000000080491a0                sigemptyset@@GLIBC_2.0
                0x00000000080491b0                vsnprintf@@GLIBC_2.0
                0x00000000080491c0                socket@@GLIBC_2.0
                0x00000000080491d0                sigaction@@GLIBC_2.0
                0x00000000080491e0                inet_addr@@GLIBC_2.0
                0x00000000080491f0                strtol@@GLIBC_2.0
                0x0000000008049200                connect@@GLIBC_2.0
                0x0000000008049210                close@@GLIBC_2.0
                0x0000000008049220                sigaltstack@@GLIBC_2.0
 *(.iplt)
 .iplt          0x0000000008049230        0x0 /usr/lib/gcc/x86_64-linux-gnu/9/../../../../lib32/crt1.o

.plt.got        0x0000000008049230        0x0
 *(.plt.got)
 .plt.got       0x0000000008049230        0x0 /usr/lib/gcc/x86_64-linux-gnu/9/../../../../lib32/crt1.o

.plt.sec
 *(.plt.sec)

.text           0x0000000008049230     0x4168
 *(.text.unlikely .text.*_unlikely .text.unlikely.*)
 *(.text.exit .text.exit.*)
 *(.text.startup .text.startup.*)
 .text.startup  0x0000000008049230      0x2e7 /home/laurentiu-flavius/Desktop/RIOT/RIOT_Project/bin/native/cpu/startup.o
 *(.text.hot .text.hot.*)
 *(SORT_BY_NAME(.text.sorted.*))
 *(.text .stub .text.* .gnu.linkonce.t.*)
 *fill*         0x0000000008049517        0x9 
 .text          0x0000000008049520       0x45 /usr/lib/gcc/x86_64-linux-gnu/9/../../../../lib32/crt1.o
                0x0000000008049520                _start
                0x0000000008049560                _dl_relocate_static_pie
 *fill*         0x0000000008049565        0xb 
 .text.__x86.get_pc_thunk.bx
                0x0000000008049570        0x4 /usr/lib/gcc/x86_64-linux-gnu/9/../../../../lib32/crti.o
                0x0000000008049570                __x86.get_pc_thunk.bx
 *fill*         0x0000000008049574        0xc 
 .text          0x0000000008049580       0xb6 /usr/lib/gcc/x86_64-linux-gnu/9/32/crtbegin.o
 .text.func     0x0000000008049636      0x186 /home/laurentiu-flavius/Desktop/RIOT/RIOT_Project/bin/native/application_riotlab1/client.o
                0x0000000008049636                func
 .text.main     0x00000000080497bc      0x110 /home/laurentiu-flavius/Desktop/RIOT/RIOT_Project/bin/native/application_riotlab1/client.o
                0x00000000080497bc                main
 .text.auto_init
                0x00000000080498cc       0x62 /home/laurentiu-flavius/Desktop/RIOT/RIOT_Project/bin/native/auto_init/auto_init.o
                0x00000000080498cc                auto_init
 .text.__x86.get_pc_thunk.si
                0x000000000804992e        0x4 /home/laurentiu-flavius/Desktop/RIOT/RIOT_Project/bin/native/auto_init/auto_init.o
                0x000000000804992e                __x86.get_pc_thunk.si
 .text.board_init
                0x0000000008049932       0x45 /home/laurentiu-flavius/Desktop/RIOT/RIOT_Project/bin/native/board/board_init.o
                0x0000000008049932                board_init
 .text._assert_failure
                0x0000000008049977       0x44 /home/laurentiu-flavius/Desktop/RIOT/RIOT_Project/bin/native/core_lib/assert.o
                0x0000000008049977                _assert_failure
 .text.main_trampoline
                0x00000000080499bb       0x57 /home/laurentiu-flavius/Desktop/RIOT/RIOT_Project/bin/native/core_lib/init.o
 .text.idle_thread
                0x0000000008049a12       0x26 /home/laurentiu-flavius/Desktop/RIOT/RIOT_Project/bin/native/core_lib/init.o
 .text.kernel_init
                0x0000000008049a38       0x7c /home/laurentiu-flavius/Desktop/RIOT/RIOT_Project/bin/native/core_lib/init.o
                0x0000000008049a38                kernel_init
 .text.panic_app
                0x0000000008049ab4       0x27 /home/laurentiu-flavius/Desktop/RIOT/RIOT_Project/bin/native/core_lib/panic.o
                0x0000000008049ab4                panic_app
 .text.core_panic
                0x0000000008049adb       0x93 /home/laurentiu-flavius/Desktop/RIOT/RIOT_Project/bin/native/core_lib/panic.o
                0x0000000008049adb                core_panic
 .text.__x86.get_pc_thunk.ax
                0x0000000008049b6e        0x4 /home/laurentiu-flavius/Desktop/RIOT/RIOT_Project/bin/native/core/msg.o
                0x0000000008049b6e                __x86.get_pc_thunk.ax
 .text.__x86.get_pc_thunk.cx
                0x0000000008049b72        0x4 /home/laurentiu-flavius/Desktop/RIOT/RIOT_Project/bin/native/core/msg.o
                0x0000000008049b72                __x86.get_pc_thunk.cx
 .text._unschedule
                0x0000000008049b76       0x62 /home/laurentiu-flavius/Desktop/RIOT/RIOT_Project/bin/native/core/sched.o
 .text.sched_run
                0x0000000008049bd8       0x93 /home/laurentiu-flavius/Desktop/RIOT/RIOT_Project/bin/native/core/sched.o
                0x0000000008049bd8                sched_run
 .text.sched_set_status
                0x0000000008049c6b       0xdc /home/laurentiu-flavius/Desktop/RIOT/RIOT_Project/bin/native/core/sched.o
                0x0000000008049c6b                sched_set_status
 .text.sched_switch
                0x0000000008049d47       0x6f /home/laurentiu-flavius/Desktop/RIOT/RIOT_Project/bin/native/core/sched.o
                0x0000000008049d47                sched_switch
 .text.sched_task_exit
                0x0000000008049db6       0x65 /home/laurentiu-flavius/Desktop/RIOT/RIOT_Project/bin/native/core/sched.o
                0x0000000008049db6                sched_task_exit
 .text.thread_create
                0x0000000008049e1b      0x1ff /home/laurentiu-flavius/Desktop/RIOT/RIOT_Project/bin/native/core/thread.o
                0x0000000008049e1b                thread_create
 .text.__x86.get_pc_thunk.dx
                0x000000000804a01a        0x4 /home/laurentiu-flavius/Desktop/RIOT/RIOT_Project/bin/native/core/thread.o
                0x000000000804a01a                __x86.get_pc_thunk.dx
 .text.native_async_read_cleanup
                0x000000000804a01e       0x89 /home/laurentiu-flavius/Desktop/RIOT/RIOT_Project/bin/native/cpu/async_read.o
                0x000000000804a01e                native_async_read_cleanup
 .text.native_shutdown
                0x000000000804a0a7       0x3b /home/laurentiu-flavius/Desktop/RIOT/RIOT_Project/bin/native/cpu/irq_cpu.o
 .text.irq_disable
                0x000000000804a0e2       0x86 /home/laurentiu-flavius/Desktop/RIOT/RIOT_Project/bin/native/cpu/irq_cpu.o
                0x000000000804a0e2                irq_disable
 .text.irq_enable
                0x000000000804a168       0xc3 /home/laurentiu-flavius/Desktop/RIOT/RIOT_Project/bin/native/cpu/irq_cpu.o
                0x000000000804a168                irq_enable
 .text.irq_restore
                0x000000000804a22b       0x3c /home/laurentiu-flavius/Desktop/RIOT/RIOT_Project/bin/native/cpu/irq_cpu.o
                0x000000000804a22b                irq_restore
 .text.irq_is_in
                0x000000000804a267       0x3f /home/laurentiu-flavius/Desktop/RIOT/RIOT_Project/bin/native/cpu/irq_cpu.o
                0x000000000804a267                irq_is_in
 .text._native_popsig
                0x000000000804a2a6       0x92 /home/laurentiu-flavius/Desktop/RIOT/RIOT_Project/bin/native/cpu/irq_cpu.o
                0x000000000804a2a6                _native_popsig
 .text.native_irq_handler
                0x000000000804a338       0x7c /home/laurentiu-flavius/Desktop/RIOT/RIOT_Project/bin/native/cpu/irq_cpu.o
                0x000000000804a338                native_irq_handler
 .text.isr_set_sigmask
                0x000000000804a3b4       0x54 /home/laurentiu-flavius/Desktop/RIOT/RIOT_Project/bin/native/cpu/irq_cpu.o
                0x000000000804a3b4                isr_set_sigmask
 .text.native_isr_entry
                0x000000000804a408      0x169 /home/laurentiu-flavius/Desktop/RIOT/RIOT_Project/bin/native/cpu/irq_cpu.o
                0x000000000804a408                native_isr_entry
 .text.set_signal_handler
                0x000000000804a571      0x14a /home/laurentiu-flavius/Desktop/RIOT/RIOT_Project/bin/native/cpu/irq_cpu.o
                0x000000000804a571                set_signal_handler
 .text.register_interrupt
                0x000000000804a6bb       0x71 /home/laurentiu-flavius/Desktop/RIOT/RIOT_Project/bin/native/cpu/irq_cpu.o
                0x000000000804a6bb                register_interrupt
 .text.unregister_interrupt
                0x000000000804a72c       0x6b /home/laurentiu-flavius/Desktop/RIOT/RIOT_Project/bin/native/cpu/irq_cpu.o
                0x000000000804a72c                unregister_interrupt
 .text.native_interrupt_init
                0x000000000804a797      0x396 /home/laurentiu-flavius/Desktop/RIOT/RIOT_Project/bin/native/cpu/irq_cpu.o
                0x000000000804a797                native_interrupt_init
 .text.__x86.get_pc_thunk.di
                0x000000000804ab2d        0x4 /home/laurentiu-flavius/Desktop/RIOT/RIOT_Project/bin/native/cpu/irq_cpu.o
                0x000000000804ab2d                __x86.get_pc_thunk.di
 .text.__x86.get_pc_thunk.bp
                0x000000000804ab31        0x4 /home/laurentiu-flavius/Desktop/RIOT/RIOT_Project/bin/native/cpu/irq_cpu.o
                0x000000000804ab31                __x86.get_pc_thunk.bp
 .text._native_mod_ctx_leave_sigh
                0x000000000804ab35       0x46 /home/laurentiu-flavius/Desktop/RIOT/RIOT_Project/bin/native/cpu/native_cpu.o
 .text.isr_cpu_switch_context_exit
                0x000000000804ab7b       0x8f /home/laurentiu-flavius/Desktop/RIOT/RIOT_Project/bin/native/cpu/native_cpu.o
                0x000000000804ab7b                isr_cpu_switch_context_exit
 .text.isr_thread_yield
                0x000000000804ac0a       0x8f /home/laurentiu-flavius/Desktop/RIOT/RIOT_Project/bin/native/cpu/native_cpu.o
                0x000000000804ac0a                isr_thread_yield
 .text.thread_stack_init
                0x000000000804ac99      0x118 /home/laurentiu-flavius/Desktop/RIOT/RIOT_Project/bin/native/cpu/native_cpu.o
                0x000000000804ac99                thread_stack_init
 .text.cpu_switch_context_exit
                0x000000000804adb1       0xa3 /home/laurentiu-flavius/Desktop/RIOT/RIOT_Project/bin/native/cpu/native_cpu.o
                0x000000000804adb1                cpu_switch_context_exit
 .text.thread_yield_higher
                0x000000000804ae54       0xd6 /home/laurentiu-flavius/Desktop/RIOT/RIOT_Project/bin/native/cpu/native_cpu.o
                0x000000000804ae54                thread_yield_higher
 .text.native_cpu_init
                0x000000000804af2a       0xa5 /home/laurentiu-flavius/Desktop/RIOT/RIOT_Project/bin/native/cpu/native_cpu.o
                0x000000000804af2a                native_cpu_init
 .text.panic_arch
                0x000000000804afcf       0x48 /home/laurentiu-flavius/Desktop/RIOT/RIOT_Project/bin/native/cpu/panic.o
                0x000000000804afcf                panic_arch
 .text._reset_handler
                0x000000000804b017       0x3b /home/laurentiu-flavius/Desktop/RIOT/RIOT_Project/bin/native/cpu/startup.o
 .text.filter_daemonize_argv
                0x000000000804b052       0x84 /home/laurentiu-flavius/Desktop/RIOT/RIOT_Project/bin/native/cpu/startup.o
 .text._native_input
                0x000000000804b0d6       0x94 /home/laurentiu-flavius/Desktop/RIOT/RIOT_Project/bin/native/cpu/startup.o
                0x000000000804b0d6                _native_input
 .text._native_log_output
                0x000000000804b16a      0x15e /home/laurentiu-flavius/Desktop/RIOT/RIOT_Project/bin/native/cpu/startup.o
                0x000000000804b16a                _native_log_output
 .text.daemonize
                0x000000000804b2c8       0xe7 /home/laurentiu-flavius/Desktop/RIOT/RIOT_Project/bin/native/cpu/startup.o
                0x000000000804b2c8                daemonize
 .text.usage_exit
                0x000000000804b3af       0x89 /home/laurentiu-flavius/Desktop/RIOT/RIOT_Project/bin/native/cpu/startup.o
                0x000000000804b3af                usage_exit
 .text._native_syscall_enter
                0x000000000804b438       0x3e /home/laurentiu-flavius/Desktop/RIOT/RIOT_Project/bin/native/cpu/syscalls.o
                0x000000000804b438                _native_syscall_enter
 .text.err      0x000000000804b476       0x2a /home/laurentiu-flavius/Desktop/RIOT/RIOT_Project/bin/native/cpu/syscalls.o
                0x000000000804b476                err
 .text._native_syscall_leave
                0x000000000804b4a0       0xfe /home/laurentiu-flavius/Desktop/RIOT/RIOT_Project/bin/native/cpu/syscalls.o
                0x000000000804b4a0                _native_syscall_leave
 .text.malloc   0x000000000804b59e       0xa0 /home/laurentiu-flavius/Desktop/RIOT/RIOT_Project/bin/native/cpu/syscalls.o
                0x000000000804b59e                malloc
 .text.free     0x000000000804b63e       0x53 /home/laurentiu-flavius/Desktop/RIOT/RIOT_Project/bin/native/cpu/syscalls.o
                0x000000000804b63e                free
 .text.calloc   0x000000000804b691       0xa7 /home/laurentiu-flavius/Desktop/RIOT/RIOT_Project/bin/native/cpu/syscalls.o
                0x000000000804b691                calloc
 .text.realloc  0x000000000804b738       0x5e /home/laurentiu-flavius/Desktop/RIOT/RIOT_Project/bin/native/cpu/syscalls.o
                0x000000000804b738                realloc
 .text.make_message
                0x000000000804b796       0xb8 /home/laurentiu-flavius/Desktop/RIOT/RIOT_Project/bin/native/cpu/syscalls.o
                0x000000000804b796                make_message
 .text._native_read
                0x000000000804b84e       0x7c /home/laurentiu-flavius/Desktop/RIOT/RIOT_Project/bin/native/cpu/syscalls.o
                0x000000000804b84e                _native_read
 .text.getc     0x000000000804b8ca       0x62 /home/laurentiu-flavius/Desktop/RIOT/RIOT_Project/bin/native/cpu/syscalls.o
                0x000000000804b8ca                getc
 .text.fgetc    0x000000000804b92c       0x35 /home/laurentiu-flavius/Desktop/RIOT/RIOT_Project/bin/native/cpu/syscalls.o
                0x000000000804b92c                fgetc
 .text._native_write
                0x000000000804b961       0x80 /home/laurentiu-flavius/Desktop/RIOT/RIOT_Project/bin/native/cpu/syscalls.o
                0x000000000804b961                _native_write
 .text.putchar  0x000000000804b9e1       0x42 /home/laurentiu-flavius/Desktop/RIOT/RIOT_Project/bin/native/cpu/syscalls.o
                0x000000000804b9e1                putchar
 .text.putc     0x000000000804ba23       0x5a /home/laurentiu-flavius/Desktop/RIOT/RIOT_Project/bin/native/cpu/syscalls.o
                0x000000000804ba23                putc
 .text.puts     0x000000000804ba7d       0x5d /home/laurentiu-flavius/Desktop/RIOT/RIOT_Project/bin/native/cpu/syscalls.o
                0x000000000804ba7d                puts
 .text.vwarn    0x000000000804bada      0x138 /home/laurentiu-flavius/Desktop/RIOT/RIOT_Project/bin/native/cpu/syscalls.o
                0x000000000804bada                vwarn
 .text.verr     0x000000000804bc12       0x3a /home/laurentiu-flavius/Desktop/RIOT/RIOT_Project/bin/native/cpu/syscalls.o
                0x000000000804bc12                verr
 .text.warn     0x000000000804bc4c       0x3d /home/laurentiu-flavius/Desktop/RIOT/RIOT_Project/bin/native/cpu/syscalls.o
                0x000000000804bc4c                warn
 .text.vwarnx   0x000000000804bc89       0xee /home/laurentiu-flavius/Desktop/RIOT/RIOT_Project/bin/native/cpu/syscalls.o
                0x000000000804bc89                vwarnx
 .text.verrx    0x000000000804bd77       0x3a /home/laurentiu-flavius/Desktop/RIOT/RIOT_Project/bin/native/cpu/syscalls.o
                0x000000000804bd77                verrx
 .text.warnx    0x000000000804bdb1       0x3d /home/laurentiu-flavius/Desktop/RIOT/RIOT_Project/bin/native/cpu/syscalls.o
                0x000000000804bdb1                warnx
 .text.vfprintf
                0x000000000804bdee       0x9d /home/laurentiu-flavius/Desktop/RIOT/RIOT_Project/bin/native/cpu/syscalls.o
                0x000000000804bdee                vfprintf
 .text.vprintf  0x000000000804be8b       0x4b /home/laurentiu-flavius/Desktop/RIOT/RIOT_Project/bin/native/cpu/syscalls.o
                0x000000000804be8b                vprintf
 .text.printf   0x000000000804bed6       0x4f /home/laurentiu-flavius/Desktop/RIOT/RIOT_Project/bin/native/cpu/syscalls.o
                0x000000000804bed6                printf
 .text.fprintf  0x000000000804bf25       0x41 /home/laurentiu-flavius/Desktop/RIOT/RIOT_Project/bin/native/cpu/syscalls.o
                0x000000000804bf25                fprintf
 .text.errx     0x000000000804bf66       0x2a /home/laurentiu-flavius/Desktop/RIOT/RIOT_Project/bin/native/cpu/syscalls.o
                0x000000000804bf66                errx
 .text.getpid   0x000000000804bf90       0x47 /home/laurentiu-flavius/Desktop/RIOT/RIOT_Project/bin/native/cpu/syscalls.o
                0x000000000804bf90                getpid
 .text._native_init_syscalls
                0x000000000804bfd7      0x4e2 /home/laurentiu-flavius/Desktop/RIOT/RIOT_Project/bin/native/cpu/syscalls.o
                0x000000000804bfd7                _native_init_syscalls
 .text          0x000000000804c4b9       0x3f /home/laurentiu-flavius/Desktop/RIOT/RIOT_Project/bin/native/cpu/tramp.o
                0x000000000804c4b9                _native_sig_leave_tramp
                0x000000000804c4e7                _native_sig_leave_handler
 .text.led_init
                0x000000000804c4f8       0x27 /home/laurentiu-flavius/Desktop/RIOT/RIOT_Project/bin/native/periph_common/init_leds.o
                0x000000000804c4f8                led_init
 .text.periph_init
                0x000000000804c51f       0x3b /home/laurentiu-flavius/Desktop/RIOT/RIOT_Project/bin/native/periph_common/init.o
                0x000000000804c51f                periph_init
 .text.gpio_linux_setup
                0x000000000804c55a      0x15d /home/laurentiu-flavius/Desktop/RIOT/RIOT_Project/bin/native/periph/gpio_linux.o
                0x000000000804c55a                gpio_linux_setup
 .text.gpio_linux_teardown
                0x000000000804c6b7       0xe9 /home/laurentiu-flavius/Desktop/RIOT/RIOT_Project/bin/native/periph/gpio_linux.o
                0x000000000804c6b7                gpio_linux_teardown
 .text._native_sleep
                0x000000000804c7a0       0x72 /home/laurentiu-flavius/Desktop/RIOT/RIOT_Project/bin/native/periph/pm.o
 .text.pm_set_lowest
                0x000000000804c812       0x2e /home/laurentiu-flavius/Desktop/RIOT/RIOT_Project/bin/native/periph/pm.o
                0x000000000804c812                pm_set_lowest
 .text.pm_off   0x000000000804c840       0x3f /home/laurentiu-flavius/Desktop/RIOT/RIOT_Project/bin/native/periph/pm.o
                0x000000000804c840                pm_off
 .text.pm_reboot
                0x000000000804c87f       0x77 /home/laurentiu-flavius/Desktop/RIOT/RIOT_Project/bin/native/periph/pm.o
                0x000000000804c87f                pm_reboot
 .text.ts2ticks
                0x000000000804c8f6       0x44 /home/laurentiu-flavius/Desktop/RIOT/RIOT_Project/bin/native/periph/timer.o
 .text.native_isr_timer
                0x000000000804c93a       0x44 /home/laurentiu-flavius/Desktop/RIOT/RIOT_Project/bin/native/periph/timer.o
                0x000000000804c93a                native_isr_timer
 .text.do_timer_set
                0x000000000804c97e       0x99 /home/laurentiu-flavius/Desktop/RIOT/RIOT_Project/bin/native/periph/timer.o
 .text.timer_start
                0x000000000804ca17       0x6f /home/laurentiu-flavius/Desktop/RIOT/RIOT_Project/bin/native/periph/timer.o
                0x000000000804ca17                timer_start
 .text.timer_set
                0x000000000804ca86       0x6b /home/laurentiu-flavius/Desktop/RIOT/RIOT_Project/bin/native/periph/timer.o
                0x000000000804ca86                timer_set
 .text.timer_clear
                0x000000000804caf1       0x4d /home/laurentiu-flavius/Desktop/RIOT/RIOT_Project/bin/native/periph/timer.o
                0x000000000804caf1                timer_clear
 .text.timer_read
                0x000000000804cb3e       0x88 /home/laurentiu-flavius/Desktop/RIOT/RIOT_Project/bin/native/periph/timer.o
                0x000000000804cb3e                timer_read
 .text.timer_init
                0x000000000804cbc6       0xa2 /home/laurentiu-flavius/Desktop/RIOT/RIOT_Project/bin/native/periph/timer.o
                0x000000000804cbc6                timer_init
 .text.tty_uart_setup
                0x000000000804cc68       0x55 /home/laurentiu-flavius/Desktop/RIOT/RIOT_Project/bin/native/periph/uart.o
                0x000000000804cc68                tty_uart_setup
 .text.stdio_init
                0x000000000804ccbd       0x27 /home/laurentiu-flavius/Desktop/RIOT/RIOT_Project/bin/native/stdio_native/stdio_native.o
                0x000000000804ccbd                stdio_init
 .text.stdio_read
                0x000000000804cce4       0x48 /home/laurentiu-flavius/Desktop/RIOT/RIOT_Project/bin/native/stdio_native/stdio_native.o
                0x000000000804cce4                stdio_read
 .text.stdio_write
                0x000000000804cd2c       0x48 /home/laurentiu-flavius/Desktop/RIOT/RIOT_Project/bin/native/stdio_native/stdio_native.o
                0x000000000804cd2c                stdio_write
 .text._add_modulo
                0x000000000804cd74       0x32 /home/laurentiu-flavius/Desktop/RIOT/RIOT_Project/bin/native/ztimer_core/core.o
 .text._now_next
                0x000000000804cda6       0x51 /home/laurentiu-flavius/Desktop/RIOT/RIOT_Project/bin/native/ztimer_core/core.o
 .text._ztimer_update
                0x000000000804cdf7       0x8c /home/laurentiu-flavius/Desktop/RIOT/RIOT_Project/bin/native/ztimer_core/core.o
 .text._ztimer_now_extend
                0x000000000804ce83       0x9e /home/laurentiu-flavius/Desktop/RIOT/RIOT_Project/bin/native/ztimer_core/core.o
                0x000000000804ce83                _ztimer_now_extend
 .text._ztimer_update_head_offset
                0x000000000804cf21       0x9e /home/laurentiu-flavius/Desktop/RIOT/RIOT_Project/bin/native/ztimer_core/core.o
 .text.ztimer_handler
                0x000000000804cfbf      0x110 /home/laurentiu-flavius/Desktop/RIOT/RIOT_Project/bin/native/ztimer_core/core.o
                0x000000000804cfbf                ztimer_handler
 .text.ztimer_init
                0x000000000804d0cf       0x4e /home/laurentiu-flavius/Desktop/RIOT/RIOT_Project/bin/native/ztimer_core/init.o
                0x000000000804d0cf                ztimer_init
 .text._ztimer_periph_timer_callback
                0x000000000804d11d       0x42 /home/laurentiu-flavius/Desktop/RIOT/RIOT_Project/bin/native/ztimer_core/periph_timer.o
 .text._ztimer_periph_timer_cancel
                0x000000000804d15f       0x49 /home/laurentiu-flavius/Desktop/RIOT/RIOT_Project/bin/native/ztimer_core/periph_timer.o
 .text._ztimer_periph_timer_now
                0x000000000804d1a8       0x47 /home/laurentiu-flavius/Desktop/RIOT/RIOT_Project/bin/native/ztimer_core/periph_timer.o
 .text._ztimer_periph_timer_set
                0x000000000804d1ef       0x71 /home/laurentiu-flavius/Desktop/RIOT/RIOT_Project/bin/native/ztimer_core/periph_timer.o
 .text.ztimer_periph_timer_init
                0x000000000804d260       0x9a /home/laurentiu-flavius/Desktop/RIOT/RIOT_Project/bin/native/ztimer_core/periph_timer.o
                0x000000000804d260                ztimer_periph_timer_init
 *fill*         0x000000000804d2fa        0x6 
 .text          0x000000000804d300       0x75 /usr/lib32/libc_nonshared.a(elf-init.oS)
                0x000000000804d300                __libc_csu_init
                0x000000000804d370                __libc_csu_fini
 *fill*         0x000000000804d375        0xb 
 .text          0x000000000804d380       0x18 /usr/lib32/libc_nonshared.a(stack_chk_fail_local.oS)
                0x000000000804d380                __stack_chk_fail_local
 *(.gnu.warning)
LOAD /usr/lib/gcc/x86_64-linux-gnu/9/../../../../lib32/crt1.o
LOAD /usr/lib/gcc/x86_64-linux-gnu/9/../../../../lib32/crti.o
LOAD /usr/lib/gcc/x86_64-linux-gnu/9/32/crtbegin.o
LOAD /home/laurentiu-flavius/Desktop/RIOT/RIOT_Project/bin/native/application_riotlab1/client.o
LOAD /home/laurentiu-flavius/Desktop/RIOT/RIOT_Project/bin/native/auto_init/auto_init.o
LOAD /home/laurentiu-flavius/Desktop/RIOT/RIOT_Project/bin/native/board/board_init.o
LOAD /home/laurentiu-flavius/Desktop/RIOT/RIOT_Project/bin/native/board_common_init/board_common.o
LOAD /home/laurentiu-flavius/Desktop/RIOT/RIOT_Project/bin/native/core/cond.o
LOAD /home/laurentiu-flavius/Desktop/RIOT/RIOT_Project/bin/native/core_lib/assert.o
LOAD /home/laurentiu-flavius/Desktop/RIOT/RIOT_Project/bin/native/core_lib/atomic_c11.o
LOAD /home/laurentiu-flavius/Desktop/RIOT/RIOT_Project/bin/native/core_lib/atomic_sync.o
LOAD /home/laurentiu-flavius/Desktop/RIOT/RIOT_Project/bin/native/core_lib/bitarithm.o
LOAD /home/laurentiu-flavius/Desktop/RIOT/RIOT_Project/bin/native/core_lib/clist.o
LOAD /home/laurentiu-flavius/Desktop/RIOT/RIOT_Project/bin/native/core_lib/init.o
LOAD /home/laurentiu-flavius/Desktop/RIOT/RIOT_Project/bin/native/core_lib/panic.o
LOAD /home/laurentiu-flavius/Desktop/RIOT/RIOT_Project/bin/native/core_lib/priority_queue.o
LOAD /home/laurentiu-flavius/Desktop/RIOT/RIOT_Project/bin/native/core_lib/ringbuffer.o
LOAD /home/laurentiu-flavius/Desktop/RIOT/RIOT_Project/bin/native/core_lib/rmutex.o
LOAD /home/laurentiu-flavius/Desktop/RIOT/RIOT_Project/bin/native/core/msg.o
LOAD /home/laurentiu-flavius/Desktop/RIOT/RIOT_Project/bin/native/core/mutex.o
LOAD /home/laurentiu-flavius/Desktop/RIOT/RIOT_Project/bin/native/core/sched.o
LOAD /home/laurentiu-flavius/Desktop/RIOT/RIOT_Project/bin/native/core/thread.o
LOAD /home/laurentiu-flavius/Desktop/RIOT/RIOT_Project/bin/native/cpu/async_read.o
LOAD /home/laurentiu-flavius/Desktop/RIOT/RIOT_Project/bin/native/cpu/irq_cpu.o
LOAD /home/laurentiu-flavius/Desktop/RIOT/RIOT_Project/bin/native/cpu/native_cpu.o
LOAD /home/laurentiu-flavius/Desktop/RIOT/RIOT_Project/bin/native/cpu/panic.o
LOAD /home/laurentiu-flavius/Desktop/RIOT/RIOT_Project/bin/native/cpu/startup.o
LOAD /home/laurentiu-flavius/Desktop/RIOT/RIOT_Project/bin/native/cpu/syscalls.o
LOAD /home/laurentiu-flavius/Desktop/RIOT/RIOT_Project/bin/native/cpu/tramp.o
LOAD /home/laurentiu-flavius/Desktop/RIOT/RIOT_Project/bin/native/div/div.o
LOAD /home/laurentiu-flavius/Desktop/RIOT/RIOT_Project/bin/native/frac/frac.o
LOAD /home/laurentiu-flavius/Desktop/RIOT/RIOT_Project/bin/native/native_drivers/native-led.o
LOAD /home/laurentiu-flavius/Desktop/RIOT/RIOT_Project/bin/native/native_drivers/native-qdec.o
LOAD /home/laurentiu-flavius/Desktop/RIOT/RIOT_Project/bin/native/periph_common/gpio.o
LOAD /home/laurentiu-flavius/Desktop/RIOT/RIOT_Project/bin/native/periph_common/init_leds.o
LOAD /home/laurentiu-flavius/Desktop/RIOT/RIOT_Project/bin/native/periph_common/init.o
LOAD /home/laurentiu-flavius/Desktop/RIOT/RIOT_Project/bin/native/periph_common/pm.o
LOAD /home/laurentiu-flavius/Desktop/RIOT/RIOT_Project/bin/native/periph_common/timer.o
LOAD /home/laurentiu-flavius/Desktop/RIOT/RIOT_Project/bin/native/periph/gpio_linux.o
LOAD /home/laurentiu-flavius/Desktop/RIOT/RIOT_Project/bin/native/periph/pm.o
LOAD /home/laurentiu-flavius/Desktop/RIOT/RIOT_Project/bin/native/periph/timer.o
LOAD /home/laurentiu-flavius/Desktop/RIOT/RIOT_Project/bin/native/periph/uart.o
LOAD /home/laurentiu-flavius/Desktop/RIOT/RIOT_Project/bin/native/stdio_native/stdio_native.o
LOAD /home/laurentiu-flavius/Desktop/RIOT/RIOT_Project/bin/native/timex/timex.o
LOAD /home/laurentiu-flavius/Desktop/RIOT/RIOT_Project/bin/native/timex/timex_to_str.o
LOAD /home/laurentiu-flavius/Desktop/RIOT/RIOT_Project/bin/native/timex/tm.o
LOAD /home/laurentiu-flavius/Desktop/RIOT/RIOT_Project/bin/native/ztimer_core/convert_frac.o
LOAD /home/laurentiu-flavius/Desktop/RIOT/RIOT_Project/bin/native/ztimer_core/convert.o
LOAD /home/laurentiu-flavius/Desktop/RIOT/RIOT_Project/bin/native/ztimer_core/convert_shift.o
LOAD /home/laurentiu-flavius/Desktop/RIOT/RIOT_Project/bin/native/ztimer_core/core.o
LOAD /home/laurentiu-flavius/Desktop/RIOT/RIOT_Project/bin/native/ztimer_core/init.o
LOAD /home/laurentiu-flavius/Desktop/RIOT/RIOT_Project/bin/native/ztimer_core/periodic.o
LOAD /home/laurentiu-flavius/Desktop/RIOT/RIOT_Project/bin/native/ztimer_core/periph_timer.o
LOAD /home/laurentiu-flavius/Desktop/RIOT/RIOT_Project/bin/native/ztimer_core/util.o
LOAD /usr/lib/gcc/x86_64-linux-gnu/9/../../../../lib32/libm.so
LOAD /usr/lib/gcc/x86_64-linux-gnu/9/../../../../lib32/libdl.so
LOAD /usr/lib/gcc/x86_64-linux-gnu/9/32/libgcc.a
LOAD /usr/lib/gcc/x86_64-linux-gnu/9/32/libgcc_s.so
START GROUP
LOAD /usr/lib/gcc/x86_64-linux-gnu/9/../../../../lib32/libgcc_s.so.1
LOAD /usr/lib/gcc/x86_64-linux-gnu/9/32/libgcc.a
END GROUP
LOAD /usr/lib/gcc/x86_64-linux-gnu/9/../../../../lib32/libc.so
START GROUP
LOAD /lib32/libc.so.6
LOAD /usr/lib32/libc_nonshared.a
LOAD /lib32/ld-linux.so.2
END GROUP
LOAD /usr/lib/gcc/x86_64-linux-gnu/9/32/libgcc.a
LOAD /usr/lib/gcc/x86_64-linux-gnu/9/32/libgcc_s.so
START GROUP
LOAD /usr/lib/gcc/x86_64-linux-gnu/9/../../../../lib32/libgcc_s.so.1
LOAD /usr/lib/gcc/x86_64-linux-gnu/9/32/libgcc.a
END GROUP
LOAD /usr/lib/gcc/x86_64-linux-gnu/9/32/crtend.o
LOAD /usr/lib/gcc/x86_64-linux-gnu/9/../../../../lib32/crtn.o

.rodata         0x000000000804d398      0xe75
 *(SORT_BY_NAME(.roxfa.*))
 .roxfa.auto_init_xfa.0_
                0x000000000804d398        0x0 /home/laurentiu-flavius/Desktop/RIOT/RIOT_Project/bin/native/auto_init/auto_init.o
                0x000000000804d398                auto_init_xfa
 .roxfa.auto_init_xfa.5_1010
                0x000000000804d398        0x4 /home/laurentiu-flavius/Desktop/RIOT/RIOT_Project/bin/native/auto_init/auto_init.o
                0x000000000804d398                auto_init_xfa_ztimer_init
 .roxfa.auto_init_xfa.9_
                0x000000000804d39c        0x0 /home/laurentiu-flavius/Desktop/RIOT/RIOT_Project/bin/native/auto_init/auto_init.o
                0x000000000804d39c                auto_init_xfa_end
 *(.rodata .rodata.* .gnu.linkonce.r.*)
 .rodata.cst4   0x000000000804d39c        0x4 /usr/lib/gcc/x86_64-linux-gnu/9/../../../../lib32/crt1.o
                0x000000000804d39c                _IO_stdin_used
 .rodata.func.str1.1
                0x000000000804d3a0       0x4b /home/laurentiu-flavius/Desktop/RIOT/RIOT_Project/bin/native/application_riotlab1/client.o
 .rodata.main.str1.1
                0x000000000804d3eb       0x5c /home/laurentiu-flavius/Desktop/RIOT/RIOT_Project/bin/native/application_riotlab1/client.o
 *fill*         0x000000000804d447        0x1 
 .rodata.main.str1.4
                0x000000000804d448       0x25 /home/laurentiu-flavius/Desktop/RIOT/RIOT_Project/bin/native/application_riotlab1/client.o
 *fill*         0x000000000804d46d        0x3 
 .rodata.board_init.str1.4
                0x000000000804d470       0x1f /home/laurentiu-flavius/Desktop/RIOT/RIOT_Project/bin/native/board/board_init.o
 .rodata._assert_failure.str1.1
                0x000000000804d48f       0x1c /home/laurentiu-flavius/Desktop/RIOT/RIOT_Project/bin/native/core_lib/assert.o
 *fill*         0x000000000804d4ab        0x1 
 .rodata.main_trampoline.str1.4
                0x000000000804d4ac       0x3a /home/laurentiu-flavius/Desktop/RIOT/RIOT_Project/bin/native/core_lib/init.o
 .rodata.kernel_init.str1.1
                0x000000000804d4e6        0xa /home/laurentiu-flavius/Desktop/RIOT/RIOT_Project/bin/native/core_lib/init.o
 .rodata.core_panic.str1.1
                0x000000000804d4f0       0x2d /home/laurentiu-flavius/Desktop/RIOT/RIOT_Project/bin/native/core_lib/panic.o
 *fill*         0x000000000804d51d        0x3 
 .rodata._unschedule.str1.4
                0x000000000804d520       0x2e /home/laurentiu-flavius/Desktop/RIOT/RIOT_Project/bin/native/core/sched.o
 .rodata.irq_disable.str1.1
                0x000000000804d54e       0x19 /home/laurentiu-flavius/Desktop/RIOT/RIOT_Project/bin/native/cpu/irq_cpu.o
 .rodata.irq_enable.str1.1
                0x000000000804d567       0x35 /home/laurentiu-flavius/Desktop/RIOT/RIOT_Project/bin/native/cpu/irq_cpu.o
 .rodata._native_popsig.str1.1
                0x000000000804d59c       0x1a /home/laurentiu-flavius/Desktop/RIOT/RIOT_Project/bin/native/cpu/irq_cpu.o
 *fill*         0x000000000804d5b6        0x2 
 .rodata.native_irq_handler.str1.4
                0x000000000804d5b8       0x6b /home/laurentiu-flavius/Desktop/RIOT/RIOT_Project/bin/native/cpu/irq_cpu.o
 *fill*         0x000000000804d623        0x1 
 .rodata.native_isr_entry.str1.4
                0x000000000804d624       0x8a /home/laurentiu-flavius/Desktop/RIOT/RIOT_Project/bin/native/cpu/irq_cpu.o
 .rodata.set_signal_handler.str1.1
                0x000000000804d6ae       0x3c /home/laurentiu-flavius/Desktop/RIOT/RIOT_Project/bin/native/cpu/irq_cpu.o
 *fill*         0x000000000804d6ea        0x2 
 .rodata.native_interrupt_init.str1.4
                0x000000000804d6ec      0x104 /home/laurentiu-flavius/Desktop/RIOT/RIOT_Project/bin/native/cpu/irq_cpu.o
 .rodata.native_interrupt_init.str1.1
                0x000000000804d7f0       0x1c /home/laurentiu-flavius/Desktop/RIOT/RIOT_Project/bin/native/cpu/irq_cpu.o
 .rodata.isr_cpu_switch_context_exit.str1.4
                0x000000000804d80c       0x50 /home/laurentiu-flavius/Desktop/RIOT/RIOT_Project/bin/native/cpu/native_cpu.o
 .rodata.isr_thread_yield.str1.1
                0x000000000804d85c       0x1d /home/laurentiu-flavius/Desktop/RIOT/RIOT_Project/bin/native/cpu/native_cpu.o
 .rodata.thread_stack_init.str1.1
                0x000000000804d879       0x1e /home/laurentiu-flavius/Desktop/RIOT/RIOT_Project/bin/native/cpu/native_cpu.o
 *fill*         0x000000000804d897        0x1 
 .rodata.thread_stack_init.str1.4
                0x000000000804d898       0x1f /home/laurentiu-flavius/Desktop/RIOT/RIOT_Project/bin/native/cpu/native_cpu.o
 *fill*         0x000000000804d8b7        0x1 
 .rodata.cpu_switch_context_exit.str1.4
                0x000000000804d8b8       0x28 /home/laurentiu-flavius/Desktop/RIOT/RIOT_Project/bin/native/cpu/native_cpu.o
                                         0x4c (size before relaxing)
 .rodata.thread_yield_higher.str1.4
                0x000000000804d8e0       0x21 /home/laurentiu-flavius/Desktop/RIOT/RIOT_Project/bin/native/cpu/native_cpu.o
 .rodata.native_cpu_init.str1.1
                0x000000000804d901       0x1c /home/laurentiu-flavius/Desktop/RIOT/RIOT_Project/bin/native/cpu/native_cpu.o
 .rodata.filter_daemonize_argv.str1.1
                0x000000000804d91d        0x3 /home/laurentiu-flavius/Desktop/RIOT/RIOT_Project/bin/native/cpu/startup.o
 .rodata._native_input.str1.1
                0x000000000804d920       0x1a /home/laurentiu-flavius/Desktop/RIOT/RIOT_Project/bin/native/cpu/startup.o
 *fill*         0x000000000804d93a        0x2 
 .rodata._native_input.str1.4
                0x000000000804d93c       0x24 /home/laurentiu-flavius/Desktop/RIOT/RIOT_Project/bin/native/cpu/startup.o
 .rodata._native_log_output.str1.1
                0x000000000804d960       0x4f /home/laurentiu-flavius/Desktop/RIOT/RIOT_Project/bin/native/cpu/startup.o
                                         0x53 (size before relaxing)
 *fill*         0x000000000804d9af        0x1 
 .rodata._native_log_output.str1.4
                0x000000000804d9b0       0x49 /home/laurentiu-flavius/Desktop/RIOT/RIOT_Project/bin/native/cpu/startup.o
 .rodata.daemonize.str1.1
                0x000000000804d9f9       0x43 /home/laurentiu-flavius/Desktop/RIOT/RIOT_Project/bin/native/cpu/startup.o
 .rodata.usage_exit.str1.1
                0x000000000804da3c       0x28 /home/laurentiu-flavius/Desktop/RIOT/RIOT_Project/bin/native/cpu/startup.o
                                         0x2b (size before relaxing)
 .rodata.usage_exit.str1.4
                0x000000000804da64      0x3d4 /home/laurentiu-flavius/Desktop/RIOT/RIOT_Project/bin/native/cpu/startup.o
 .rodata.startup.str1.4
                0x000000000804de38       0x2f /home/laurentiu-flavius/Desktop/RIOT/RIOT_Project/bin/native/cpu/startup.o
 *fill*         0x000000000804de67        0x1 
 .rodata.startup
                0x000000000804de68       0xbc /home/laurentiu-flavius/Desktop/RIOT/RIOT_Project/bin/native/cpu/startup.o
 .rodata.str1.1
                0x000000000804df24       0x4c /home/laurentiu-flavius/Desktop/RIOT/RIOT_Project/bin/native/cpu/startup.o
                                         0x4f (size before relaxing)
 .rodata.short_opts
                0x000000000804df70        0xf /home/laurentiu-flavius/Desktop/RIOT/RIOT_Project/bin/native/cpu/startup.o
 *fill*         0x000000000804df7f        0x1 
 .rodata._native_syscall_leave.str1.4
                0x000000000804df80       0x23 /home/laurentiu-flavius/Desktop/RIOT/RIOT_Project/bin/native/cpu/syscalls.o
 .rodata.malloc.str1.1
                0x000000000804dfa3        0x7 /home/laurentiu-flavius/Desktop/RIOT/RIOT_Project/bin/native/cpu/syscalls.o
 .rodata.calloc.str1.1
                0x000000000804dfaa        0x7 /home/laurentiu-flavius/Desktop/RIOT/RIOT_Project/bin/native/cpu/syscalls.o
 .rodata.vwarn.str1.1
                0x000000000804dfb1        0x8 /home/laurentiu-flavius/Desktop/RIOT/RIOT_Project/bin/native/cpu/syscalls.o
                                          0xd (size before relaxing)
 .rodata.getpid.str1.1
                0x000000000804dfb9       0x1a /home/laurentiu-flavius/Desktop/RIOT/RIOT_Project/bin/native/cpu/syscalls.o
 .rodata._native_init_syscalls.str1.1
                0x000000000804dfd3      0x11c /home/laurentiu-flavius/Desktop/RIOT/RIOT_Project/bin/native/cpu/syscalls.o
                                        0x16e (size before relaxing)
 .rodata.gpio_linux_setup.str1.1
                0x000000000804e0ef       0x43 /home/laurentiu-flavius/Desktop/RIOT/RIOT_Project/bin/native/periph/gpio_linux.o
 *fill*         0x000000000804e132        0x2 
 .rodata.gpio_linux_setup.str1.4
                0x000000000804e134       0x20 /home/laurentiu-flavius/Desktop/RIOT/RIOT_Project/bin/native/periph/gpio_linux.o
 .rodata.pm_off.str1.1
                0x000000000804e154       0x11 /home/laurentiu-flavius/Desktop/RIOT/RIOT_Project/bin/native/periph/pm.o
 .rodata.pm_reboot.str1.1
                0x000000000804e165       0x21 /home/laurentiu-flavius/Desktop/RIOT/RIOT_Project/bin/native/periph/pm.o
 *fill*         0x000000000804e186        0x2 
 .rodata.pm_reboot.str1.4
                0x000000000804e188       0x2a /home/laurentiu-flavius/Desktop/RIOT/RIOT_Project/bin/native/periph/pm.o
 .rodata.timer_start.str1.1
                0x000000000804e1b2       0x15 /home/laurentiu-flavius/Desktop/RIOT/RIOT_Project/bin/native/periph/timer.o
 .rodata.timer_read.str1.1
                0x000000000804e1c7       0x1a /home/laurentiu-flavius/Desktop/RIOT/RIOT_Project/bin/native/periph/timer.o
 .rodata._del_entry_from_list.str1.1
                0x000000000804e1e1       0x12 /home/laurentiu-flavius/Desktop/RIOT/RIOT_Project/bin/native/ztimer_core/core.o
 .rodata.ztimer_periph_timer_init.str1.1
                0x000000000804e1f3       0x1a /home/laurentiu-flavius/Desktop/RIOT/RIOT_Project/bin/native/ztimer_core/periph_timer.o

.data           0x000000000804e220       0xf0
 *(SORT_BY_NAME(.xfa.*))
 *(.data .data.* .gnu.linkonce.d.*)
 .data.rel.ro   0x000000000804e220        0x0 /usr/lib/gcc/x86_64-linux-gnu/9/../../../../lib32/crt1.o
 .data.rel.ro.local.long_opts
                0x000000000804e220       0xa0 /home/laurentiu-flavius/Desktop/RIOT/RIOT_Project/bin/native/cpu/startup.o
 .data.rel.ro.local.ZTIMER_USEC
                0x000000000804e2c0        0x4 /home/laurentiu-flavius/Desktop/RIOT/RIOT_Project/bin/native/ztimer_core/init.o
                0x000000000804e2c0                ZTIMER_USEC
 *fill*         0x000000000804e2c4       0x1c 
 .data._ztimer_periph_timer
                0x000000000804e2e0       0x24 /home/laurentiu-flavius/Desktop/RIOT/RIOT_Project/bin/native/ztimer_core/init.o
 .data.rel.ro.local._ztimer_periph_timer_ops
                0x000000000804e304        0xc /home/laurentiu-flavius/Desktop/RIOT/RIOT_Project/bin/native/ztimer_core/periph_timer.o

.tm_clone_table
                0x000000000804e310        0x0
 .tm_clone_table
                0x000000000804e310        0x0 /usr/lib/gcc/x86_64-linux-gnu/9/32/crtbegin.o
 .tm_clone_table
                0x000000000804e310        0x0 /usr/lib/gcc/x86_64-linux-gnu/9/32/crtend.o

.fini           0x000000000804e310       0x18
 *(SORT_NONE(.fini))
 .fini          0x000000000804e310       0x13 /usr/lib/gcc/x86_64-linux-gnu/9/../../../../lib32/crti.o
                0x000000000804e310                _fini
 .fini          0x000000000804e323        0x5 /usr/lib/gcc/x86_64-linux-gnu/9/../../../../lib32/crtn.o
                [!provide]                        PROVIDE (__etext = .)
                [!provide]                        PROVIDE (_etext = .)
                [!provide]                        PROVIDE (etext = .)
                0x000000000804f000                . = ALIGN (CONSTANT (MAXPAGESIZE))
                0x000000000804f000                . = SEGMENT_START ("rodata-segment", (ALIGN (CONSTANT (MAXPAGESIZE)) + (. & (CONSTANT (MAXPAGESIZE) - 0x1))))

.rodata1
 *(.rodata1)

.eh_frame_hdr   0x000000000804f000      0x3b4
 *(.eh_frame_hdr)
 .eh_frame_hdr  0x000000000804f000      0x3b4 /usr/lib/gcc/x86_64-linux-gnu/9/../../../../lib32/crt1.o
                0x000000000804f000                __GNU_EH_FRAME_HDR
 *(.eh_frame_entry .eh_frame_entry.*)

.eh_frame       0x000000000804f3b4     0x20b4
 *(.eh_frame)
 .eh_frame      0x000000000804f3b4       0x40 /usr/lib/gcc/x86_64-linux-gnu/9/../../../../lib32/crt1.o
                                         0x58 (size before relaxing)
 .eh_frame      0x000000000804f3f4       0x24 /usr/lib/gcc/x86_64-linux-gnu/9/../../../../lib32/crt1.o
                                         0x40 (size before relaxing)
 .eh_frame      0x000000000804f418        0x0 /usr/lib/gcc/x86_64-linux-gnu/9/../../../../lib32/crt1.o
 .eh_frame      0x000000000804f418      0x11c /home/laurentiu-flavius/Desktop/RIOT/RIOT_Project/bin/native/application_riotlab1/client.o
                                        0x148 (size before relaxing)
 .eh_frame      0x000000000804f534       0x44 /home/laurentiu-flavius/Desktop/RIOT/RIOT_Project/bin/native/auto_init/auto_init.o
                                         0x5c (size before relaxing)
 .eh_frame      0x000000000804f578       0x34 /home/laurentiu-flavius/Desktop/RIOT/RIOT_Project/bin/native/board/board_init.o
                                         0x60 (size before relaxing)
 .eh_frame      0x000000000804f5ac        0x0 /home/laurentiu-flavius/Desktop/RIOT/RIOT_Project/bin/native/board_common_init/board_common.o
                                         0x34 (size before relaxing)
 .eh_frame      0x000000000804f5ac        0x0 /home/laurentiu-flavius/Desktop/RIOT/RIOT_Project/bin/native/core/cond.o
                                        0x150 (size before relaxing)
 .eh_frame      0x000000000804f5ac       0x2c /home/laurentiu-flavius/Desktop/RIOT/RIOT_Project/bin/native/core_lib/assert.o
                                         0x78 (size before relaxing)
 .eh_frame      0x000000000804f5d8        0x0 /home/laurentiu-flavius/Desktop/RIOT/RIOT_Project/bin/native/core_lib/atomic_c11.o
                                       0x13d0 (size before relaxing)
 .eh_frame      0x000000000804f5d8        0x0 /home/laurentiu-flavius/Desktop/RIOT/RIOT_Project/bin/native/core_lib/bitarithm.o
                                         0x50 (size before relaxing)
 .eh_frame      0x000000000804f5d8        0x0 /home/laurentiu-flavius/Desktop/RIOT/RIOT_Project/bin/native/core_lib/clist.o
                                         0x64 (size before relaxing)
 .eh_frame      0x000000000804f5d8       0xa0 /home/laurentiu-flavius/Desktop/RIOT/RIOT_Project/bin/native/core_lib/init.o
                                         0xcc (size before relaxing)
 .eh_frame      0x000000000804f678       0x60 /home/laurentiu-flavius/Desktop/RIOT/RIOT_Project/bin/native/core_lib/panic.o
                                         0xa8 (size before relaxing)
 .eh_frame      0x000000000804f6d8        0x0 /home/laurentiu-flavius/Desktop/RIOT/RIOT_Project/bin/native/core_lib/priority_queue.o
                                         0x9c (size before relaxing)
 .eh_frame      0x000000000804f6d8        0x0 /home/laurentiu-flavius/Desktop/RIOT/RIOT_Project/bin/native/core_lib/ringbuffer.o
                                        0x1f4 (size before relaxing)
 .eh_frame      0x000000000804f6d8        0x0 /home/laurentiu-flavius/Desktop/RIOT/RIOT_Project/bin/native/core_lib/rmutex.o
                                        0x114 (size before relaxing)
 .eh_frame      0x000000000804f6d8       0x28 /home/laurentiu-flavius/Desktop/RIOT/RIOT_Project/bin/native/core/msg.o
                                        0x5d4 (size before relaxing)
 .eh_frame      0x000000000804f700        0x0 /home/laurentiu-flavius/Desktop/RIOT/RIOT_Project/bin/native/core/mutex.o
                                        0x270 (size before relaxing)
 .eh_frame      0x000000000804f700       0xe8 /home/laurentiu-flavius/Desktop/RIOT/RIOT_Project/bin/native/core/sched.o
                                        0x17c (size before relaxing)
 .eh_frame      0x000000000804f7e8       0x98 /home/laurentiu-flavius/Desktop/RIOT/RIOT_Project/bin/native/core/thread.o
                                        0x2d0 (size before relaxing)
 .eh_frame      0x000000000804f880       0x48 /home/laurentiu-flavius/Desktop/RIOT/RIOT_Project/bin/native/cpu/async_read.o
                                        0x2e8 (size before relaxing)
 .eh_frame      0x000000000804f8c8      0x520 /home/laurentiu-flavius/Desktop/RIOT/RIOT_Project/bin/native/cpu/irq_cpu.o
                                        0x7a0 (size before relaxing)
 .eh_frame      0x000000000804fde8      0x1f8 /home/laurentiu-flavius/Desktop/RIOT/RIOT_Project/bin/native/cpu/native_cpu.o
                                        0x284 (size before relaxing)
 .eh_frame      0x000000000804ffe0       0x38 /home/laurentiu-flavius/Desktop/RIOT/RIOT_Project/bin/native/cpu/panic.o
                                         0x64 (size before relaxing)
 .eh_frame      0x0000000008050018      0x2f8 /home/laurentiu-flavius/Desktop/RIOT/RIOT_Project/bin/native/cpu/startup.o
                                        0x338 (size before relaxing)
 .eh_frame      0x0000000008050310      0x938 /home/laurentiu-flavius/Desktop/RIOT/RIOT_Project/bin/native/cpu/syscalls.o
                                        0x9e8 (size before relaxing)
 .eh_frame      0x0000000008050c48        0x0 /home/laurentiu-flavius/Desktop/RIOT/RIOT_Project/bin/native/div/div.o
                                         0x58 (size before relaxing)
 .eh_frame      0x0000000008050c48        0x0 /home/laurentiu-flavius/Desktop/RIOT/RIOT_Project/bin/native/frac/frac.o
                                        0x110 (size before relaxing)
 .eh_frame      0x0000000008050c48        0x0 /home/laurentiu-flavius/Desktop/RIOT/RIOT_Project/bin/native/native_drivers/native-led.o
                                        0x164 (size before relaxing)
 .eh_frame      0x0000000008050c48        0x0 /home/laurentiu-flavius/Desktop/RIOT/RIOT_Project/bin/native/periph_common/gpio.o
                                         0x7c (size before relaxing)
 .eh_frame      0x0000000008050c48       0x1c /home/laurentiu-flavius/Desktop/RIOT/RIOT_Project/bin/native/periph_common/init_leds.o
                                         0x34 (size before relaxing)
 .eh_frame      0x0000000008050c64       0x2c /home/laurentiu-flavius/Desktop/RIOT/RIOT_Project/bin/native/periph_common/init.o
                                         0x58 (size before relaxing)
 .eh_frame      0x0000000008050c90      0x114 /home/laurentiu-flavius/Desktop/RIOT/RIOT_Project/bin/native/periph/gpio_linux.o
                                        0x2d0 (size before relaxing)
 .eh_frame      0x0000000008050da4       0xb0 /home/laurentiu-flavius/Desktop/RIOT/RIOT_Project/bin/native/periph/pm.o
                                        0x10c (size before relaxing)
 .eh_frame      0x0000000008050e54      0x1bc /home/laurentiu-flavius/Desktop/RIOT/RIOT_Project/bin/native/periph/timer.o
                                        0x2cc (size before relaxing)
 .eh_frame      0x0000000008051010       0x40 /home/laurentiu-flavius/Desktop/RIOT/RIOT_Project/bin/native/periph/uart.o
                                        0x1c0 (size before relaxing)
 .eh_frame      0x0000000008051050       0x7c /home/laurentiu-flavius/Desktop/RIOT/RIOT_Project/bin/native/stdio_native/stdio_native.o
                                         0xa8 (size before relaxing)
 .eh_frame      0x00000000080510cc        0x0 /home/laurentiu-flavius/Desktop/RIOT/RIOT_Project/bin/native/timex/timex.o
                                         0xb4 (size before relaxing)
 .eh_frame      0x00000000080510cc        0x0 /home/laurentiu-flavius/Desktop/RIOT/RIOT_Project/bin/native/timex/timex_to_str.o
                                         0x98 (size before relaxing)
 .eh_frame      0x00000000080510cc        0x0 /home/laurentiu-flavius/Desktop/RIOT/RIOT_Project/bin/native/timex/tm.o
                                        0x180 (size before relaxing)
 .eh_frame      0x00000000080510cc        0x0 /home/laurentiu-flavius/Desktop/RIOT/RIOT_Project/bin/native/ztimer_core/convert_frac.o
                                        0x198 (size before relaxing)
 .eh_frame      0x00000000080510cc        0x0 /home/laurentiu-flavius/Desktop/RIOT/RIOT_Project/bin/native/ztimer_core/convert.o
                                         0x9c (size before relaxing)
 .eh_frame      0x00000000080510cc        0x0 /home/laurentiu-flavius/Desktop/RIOT/RIOT_Project/bin/native/ztimer_core/convert_shift.o
                                        0x158 (size before relaxing)
 .eh_frame      0x00000000080510cc      0x19c /home/laurentiu-flavius/Desktop/RIOT/RIOT_Project/bin/native/ztimer_core/core.o
                                        0x380 (size before relaxing)
 .eh_frame      0x0000000008051268       0x3c /home/laurentiu-flavius/Desktop/RIOT/RIOT_Project/bin/native/ztimer_core/init.o
                                         0x68 (size before relaxing)
 .eh_frame      0x00000000080512a4        0x0 /home/laurentiu-flavius/Desktop/RIOT/RIOT_Project/bin/native/ztimer_core/periodic.o
                                        0x178 (size before relaxing)
 .eh_frame      0x00000000080512a4      0x144 /home/laurentiu-flavius/Desktop/RIOT/RIOT_Project/bin/native/ztimer_core/periph_timer.o
                                        0x170 (size before relaxing)
 .eh_frame      0x00000000080513e8        0x0 /home/laurentiu-flavius/Desktop/RIOT/RIOT_Project/bin/native/ztimer_core/util.o
                                        0x370 (size before relaxing)
 .eh_frame      0x00000000080513e8       0x60 /usr/lib32/libc_nonshared.a(elf-init.oS)
                                         0x8c (size before relaxing)
 .eh_frame      0x0000000008051448       0x1c /usr/lib32/libc_nonshared.a(stack_chk_fail_local.oS)
                                         0x48 (size before relaxing)
 .eh_frame      0x0000000008051464        0x4 /usr/lib/gcc/x86_64-linux-gnu/9/32/crtend.o
 *(.eh_frame.*)

.gcc_except_table
 *(.gcc_except_table .gcc_except_table.*)

.gnu_extab
 *(.gnu_extab*)

.exception_ranges
 *(.exception_ranges*)
                0x0000000008052ee8                . = DATA_SEGMENT_ALIGN (CONSTANT (MAXPAGESIZE), CONSTANT (COMMONPAGESIZE))

.eh_frame
 *(.eh_frame)
 *(.eh_frame.*)

.gnu_extab
 *(.gnu_extab)

.gcc_except_table
 *(.gcc_except_table .gcc_except_table.*)

.exception_ranges
 *(.exception_ranges*)

.tdata          0x0000000008052ee8        0x0
                [!provide]                        PROVIDE (__tdata_start = .)
 *(.tdata .tdata.* .gnu.linkonce.td.*)

.tbss
 *(.tbss .tbss.* .gnu.linkonce.tb.*)
 *(.tcommon)

.preinit_array  0x0000000008052ee8        0x0
                [!provide]                        PROVIDE (__preinit_array_start = .)
 *(.preinit_array)
                [!provide]                        PROVIDE (__preinit_array_end = .)

.init_array     0x0000000008052ee8        0x8
                0x0000000008052ee8                PROVIDE (__init_array_start = .)
 *(SORT_BY_INIT_PRIORITY(.init_array.*) SORT_BY_INIT_PRIORITY(.ctors.*))
 *(.init_array EXCLUDE_FILE(*crtend?.o *crtend.o *crtbegin?.o *crtbegin.o) .ctors)
 .init_array    0x0000000008052ee8        0x4 /usr/lib/gcc/x86_64-linux-gnu/9/32/crtbegin.o
 .init_array    0x0000000008052eec        0x4 /home/laurentiu-flavius/Desktop/RIOT/RIOT_Project/bin/native/cpu/startup.o
                0x0000000008052ef0                PROVIDE (__init_array_end = .)

.fini_array     0x0000000008052ef0        0x4
                [!provide]                        PROVIDE (__fini_array_start = .)
 *(SORT_BY_INIT_PRIORITY(.fini_array.*) SORT_BY_INIT_PRIORITY(.dtors.*))
 *(.fini_array EXCLUDE_FILE(*crtend?.o *crtend.o *crtbegin?.o *crtbegin.o) .dtors)
 .fini_array    0x0000000008052ef0        0x4 /usr/lib/gcc/x86_64-linux-gnu/9/32/crtbegin.o
                [!provide]                        PROVIDE (__fini_array_end = .)

.ctors
 *crtbegin.o(.ctors)
 *crtbegin?.o(.ctors)
 *(EXCLUDE_FILE(*crtend?.o *crtend.o) .ctors)
 *(SORT_BY_NAME(.ctors.*))
 *(.ctors)

.dtors
 *crtbegin.o(.dtors)
 *crtbegin?.o(.dtors)
 *(EXCLUDE_FILE(*crtend?.o *crtend.o) .dtors)
 *(SORT_BY_NAME(.dtors.*))
 *(.dtors)

.jcr
 *(.jcr)

.data.rel.ro
 *(.data.rel.ro.local* .gnu.linkonce.d.rel.ro.local.*)
 *(.data.rel.ro .data.rel.ro.* .gnu.linkonce.d.rel.ro.*)

.dynamic        0x0000000008052ef4       0xf0
 *(.dynamic)
 .dynamic       0x0000000008052ef4       0xf0 /usr/lib/gcc/x86_64-linux-gnu/9/../../../../lib32/crt1.o
                0x0000000008052ef4                _DYNAMIC

.got            0x0000000008052fe4       0x1c
 *(.got)
 .got           0x0000000008052fe4       0x1c /usr/lib/gcc/x86_64-linux-gnu/9/../../../../lib32/crt1.o
 *(.igot)
                0x0000000008053ff4                . = DATA_SEGMENT_RELRO_END (., (SIZEOF (.got.plt) >= 0xc)?0xc:0x0)

.got.plt        0x0000000008053000       0x88
 *(.got.plt)
 .got.plt       0x0000000008053000       0x88 /usr/lib/gcc/x86_64-linux-gnu/9/../../../../lib32/crt1.o
                0x0000000008053000                _GLOBAL_OFFSET_TABLE_
 *(.igot.plt)
 .igot.plt      0x0000000008053088        0x0 /usr/lib/gcc/x86_64-linux-gnu/9/../../../../lib32/crt1.o

.data1
 *(.data1)
                0x0000000008053088                _edata = .
                [!provide]                        PROVIDE (edata = .)
                0x0000000008053088                . = .
                0x0000000008053088                __bss_start = .

.bss            0x00000000080530a0     0xbad0
 *(.dynbss)
 .dynbss        0x00000000080530a0        0x0 /usr/lib/gcc/x86_64-linux-gnu/9/../../../../lib32/crt1.o
 *(.bss .bss.* .gnu.linkonce.b.*)
 .bss           0x00000000080530a0        0x1 /usr/lib/gcc/x86_64-linux-gnu/9/32/crtbegin.o
 *fill*         0x00000000080530a1        0x3 
 .bss.second_wakeup
                0x00000000080530a4        0x4 /home/laurentiu-flavius/Desktop/RIOT/RIOT_Project/bin/native/application_riotlab1/client.o
                0x00000000080530a4                second_wakeup
 .bss.first_wakeup
                0x00000000080530a8        0x4 /home/laurentiu-flavius/Desktop/RIOT/RIOT_Project/bin/native/application_riotlab1/client.o
                0x00000000080530a8                first_wakeup
 *fill*         0x00000000080530ac       0x14 
 .bss.idle_stack
                0x00000000080530c0     0x2000 /home/laurentiu-flavius/Desktop/RIOT/RIOT_Project/bin/native/core_lib/init.o
 .bss.main_stack
                0x00000000080550c0     0x3000 /home/laurentiu-flavius/Desktop/RIOT/RIOT_Project/bin/native/core_lib/init.o
 .bss.crashed   0x00000000080580c0        0x4 /home/laurentiu-flavius/Desktop/RIOT/RIOT_Project/bin/native/core_lib/panic.o
 .bss.runqueue_bitcache
                0x00000000080580c4        0x4 /home/laurentiu-flavius/Desktop/RIOT/RIOT_Project/bin/native/core/sched.o
 *fill*         0x00000000080580c8       0x18 
 .bss.sched_runqueues
                0x00000000080580e0       0x40 /home/laurentiu-flavius/Desktop/RIOT/RIOT_Project/bin/native/core/sched.o
                0x00000000080580e0                sched_runqueues
 .bss.sched_context_switch_request
                0x0000000008058120        0x4 /home/laurentiu-flavius/Desktop/RIOT/RIOT_Project/bin/native/core/sched.o
                0x0000000008058120                sched_context_switch_request
 .bss.sched_active_thread
                0x0000000008058124        0x4 /home/laurentiu-flavius/Desktop/RIOT/RIOT_Project/bin/native/core/sched.o
                0x0000000008058124                sched_active_thread
 .bss.sched_num_threads
                0x0000000008058128        0x4 /home/laurentiu-flavius/Desktop/RIOT/RIOT_Project/bin/native/core/sched.o
                0x0000000008058128                sched_num_threads
 *fill*         0x000000000805812c       0x14 
 .bss.sched_threads
                0x0000000008058140       0x84 /home/laurentiu-flavius/Desktop/RIOT/RIOT_Project/bin/native/core/sched.o
                0x0000000008058140                sched_threads
 .bss.sched_active_pid
                0x00000000080581c4        0x2 /home/laurentiu-flavius/Desktop/RIOT/RIOT_Project/bin/native/core/sched.o
                0x00000000080581c4                sched_active_pid
 *fill*         0x00000000080581c6       0x1a 
 .bss.pollers   0x00000000080581e0       0x20 /home/laurentiu-flavius/Desktop/RIOT/RIOT_Project/bin/native/cpu/async_read.o
 .bss._fds      0x0000000008058200       0x10 /home/laurentiu-flavius/Desktop/RIOT/RIOT_Project/bin/native/cpu/async_read.o
 .bss._next_index
                0x0000000008058210        0x4 /home/laurentiu-flavius/Desktop/RIOT/RIOT_Project/bin/native/cpu/async_read.o
 .bss.sigstk.5486
                0x0000000008058214        0xc /home/laurentiu-flavius/Desktop/RIOT/RIOT_Project/bin/native/cpu/irq_cpu.o
 .bss.sigalt_stk
                0x0000000008058220     0x2000 /home/laurentiu-flavius/Desktop/RIOT/RIOT_Project/bin/native/cpu/irq_cpu.o
                0x0000000008058220                sigalt_stk
 .bss.native_irq_handlers
                0x000000000805a220      0x3fc /home/laurentiu-flavius/Desktop/RIOT/RIOT_Project/bin/native/cpu/irq_cpu.o
 .bss._sig_pipefd
                0x000000000805a61c        0x8 /home/laurentiu-flavius/Desktop/RIOT/RIOT_Project/bin/native/cpu/irq_cpu.o
                0x000000000805a61c                _sig_pipefd
 .bss._native_sigpend
                0x000000000805a624        0x4 /home/laurentiu-flavius/Desktop/RIOT/RIOT_Project/bin/native/cpu/irq_cpu.o
                0x000000000805a624                _native_sigpend
 .bss._native_saved_eip
                0x000000000805a628        0x4 /home/laurentiu-flavius/Desktop/RIOT/RIOT_Project/bin/native/cpu/irq_cpu.o
                0x000000000805a628                _native_saved_eip
 .bss._native_isr_ctx
                0x000000000805a62c        0x4 /home/laurentiu-flavius/Desktop/RIOT/RIOT_Project/bin/native/cpu/irq_cpu.o
                0x000000000805a62c                _native_isr_ctx
 .bss._native_cur_ctx
                0x000000000805a630        0x4 /home/laurentiu-flavius/Desktop/RIOT/RIOT_Project/bin/native/cpu/irq_cpu.o
                0x000000000805a630                _native_cur_ctx
 *fill*         0x000000000805a634        0xc 
 .bss.native_isr_context
                0x000000000805a640      0x16c /home/laurentiu-flavius/Desktop/RIOT/RIOT_Project/bin/native/cpu/irq_cpu.o
                0x000000000805a640                native_isr_context
 *fill*         0x000000000805a7ac       0x14 
 .bss.__isr_stack
                0x000000000805a7c0     0x2000 /home/laurentiu-flavius/Desktop/RIOT/RIOT_Project/bin/native/cpu/irq_cpu.o
                0x000000000805a7c0                __isr_stack
 .bss._native_sig_set_dint
                0x000000000805c7c0       0x80 /home/laurentiu-flavius/Desktop/RIOT/RIOT_Project/bin/native/cpu/irq_cpu.o
 .bss._native_sig_set
                0x000000000805c840       0x80 /home/laurentiu-flavius/Desktop/RIOT/RIOT_Project/bin/native/cpu/irq_cpu.o
 .bss._native_in_syscall
                0x000000000805c8c0        0x4 /home/laurentiu-flavius/Desktop/RIOT/RIOT_Project/bin/native/cpu/irq_cpu.o
                0x000000000805c8c0                _native_in_syscall
 .bss._native_in_isr
                0x000000000805c8c4        0x4 /home/laurentiu-flavius/Desktop/RIOT/RIOT_Project/bin/native/cpu/irq_cpu.o
                0x000000000805c8c4                _native_in_isr
 .bss.native_interrupts_enabled
                0x000000000805c8c8        0x4 /home/laurentiu-flavius/Desktop/RIOT/RIOT_Project/bin/native/cpu/irq_cpu.o
                0x000000000805c8c8                native_interrupts_enabled
 *fill*         0x000000000805c8cc       0x14 
 .bss.__end_stack
                0x000000000805c8e0     0x2000 /home/laurentiu-flavius/Desktop/RIOT/RIOT_Project/bin/native/cpu/native_cpu.o
                0x000000000805c8e0                __end_stack
 .bss.end_context
                0x000000000805e8e0      0x16c /home/laurentiu-flavius/Desktop/RIOT/RIOT_Project/bin/native/cpu/native_cpu.o
                0x000000000805e8e0                end_context
 .bss._native_rng_mode
                0x000000000805ea4c        0x4 /home/laurentiu-flavius/Desktop/RIOT/RIOT_Project/bin/native/cpu/startup.o
                0x000000000805ea4c                _native_rng_mode
 .bss._native_rng_seed
                0x000000000805ea50        0x4 /home/laurentiu-flavius/Desktop/RIOT/RIOT_Project/bin/native/cpu/startup.o
                0x000000000805ea50                _native_rng_seed
 .bss._native_id
                0x000000000805ea54        0x4 /home/laurentiu-flavius/Desktop/RIOT/RIOT_Project/bin/native/cpu/startup.o
                0x000000000805ea54                _native_id
 .bss._native_pid
                0x000000000805ea58        0x4 /home/laurentiu-flavius/Desktop/RIOT/RIOT_Project/bin/native/cpu/startup.o
                0x000000000805ea58                _native_pid
 .bss._native_argv
                0x000000000805ea5c        0x4 /home/laurentiu-flavius/Desktop/RIOT/RIOT_Project/bin/native/cpu/startup.o
                0x000000000805ea5c                _native_argv
 .bss._progname
                0x000000000805ea60        0x4 /home/laurentiu-flavius/Desktop/RIOT/RIOT_Project/bin/native/cpu/startup.o
                0x000000000805ea60                _progname
 .bss._native_null_out_file
                0x000000000805ea64        0x4 /home/laurentiu-flavius/Desktop/RIOT/RIOT_Project/bin/native/cpu/startup.o
                0x000000000805ea64                _native_null_out_file
 .bss._native_null_in_pipe
                0x000000000805ea68        0x8 /home/laurentiu-flavius/Desktop/RIOT/RIOT_Project/bin/native/cpu/startup.o
                0x000000000805ea68                _native_null_in_pipe
 .bss._native_in_calloc
                0x000000000805ea70        0x4 /home/laurentiu-flavius/Desktop/RIOT/RIOT_Project/bin/native/cpu/syscalls.o
                0x000000000805ea70                _native_in_calloc
 .bss._native_in_malloc
                0x000000000805ea74        0x4 /home/laurentiu-flavius/Desktop/RIOT/RIOT_Project/bin/native/cpu/syscalls.o
                0x000000000805ea74                _native_in_malloc
 .bss.real_clock_gettime
                0x000000000805ea78        0x4 /home/laurentiu-flavius/Desktop/RIOT/RIOT_Project/bin/native/cpu/syscalls.o
                0x000000000805ea78                real_clock_gettime
 .bss.real_send
                0x000000000805ea7c        0x4 /home/laurentiu-flavius/Desktop/RIOT/RIOT_Project/bin/native/cpu/syscalls.o
                0x000000000805ea7c                real_send
 .bss.real_writev
                0x000000000805ea80        0x4 /home/laurentiu-flavius/Desktop/RIOT/RIOT_Project/bin/native/cpu/syscalls.o
                0x000000000805ea80                real_writev
 .bss.real_umask
                0x000000000805ea84        0x4 /home/laurentiu-flavius/Desktop/RIOT/RIOT_Project/bin/native/cpu/syscalls.o
                0x000000000805ea84                real_umask
 .bss.real_fgetc
                0x000000000805ea88        0x4 /home/laurentiu-flavius/Desktop/RIOT/RIOT_Project/bin/native/cpu/syscalls.o
                0x000000000805ea88                real_fgetc
 .bss.real_fputc
                0x000000000805ea8c        0x4 /home/laurentiu-flavius/Desktop/RIOT/RIOT_Project/bin/native/cpu/syscalls.o
                0x000000000805ea8c                real_fputc
 .bss.real_fseek
                0x000000000805ea90        0x4 /home/laurentiu-flavius/Desktop/RIOT/RIOT_Project/bin/native/cpu/syscalls.o
                0x000000000805ea90                real_fseek
 .bss.real_fclose
                0x000000000805ea94        0x4 /home/laurentiu-flavius/Desktop/RIOT/RIOT_Project/bin/native/cpu/syscalls.o
                0x000000000805ea94                real_fclose
 .bss.real_fopen
                0x000000000805ea98        0x4 /home/laurentiu-flavius/Desktop/RIOT/RIOT_Project/bin/native/cpu/syscalls.o
                0x000000000805ea98                real_fopen
 .bss.real_gai_strerror
                0x000000000805ea9c        0x4 /home/laurentiu-flavius/Desktop/RIOT/RIOT_Project/bin/native/cpu/syscalls.o
                0x000000000805ea9c                real_gai_strerror
 .bss.real_random
                0x000000000805eaa0        0x4 /home/laurentiu-flavius/Desktop/RIOT/RIOT_Project/bin/native/cpu/syscalls.o
                0x000000000805eaa0                real_random
 .bss.real_unlink
                0x000000000805eaa4        0x4 /home/laurentiu-flavius/Desktop/RIOT/RIOT_Project/bin/native/cpu/syscalls.o
                0x000000000805eaa4                real_unlink
 .bss.real_socket
                0x000000000805eaa8        0x4 /home/laurentiu-flavius/Desktop/RIOT/RIOT_Project/bin/native/cpu/syscalls.o
                0x000000000805eaa8                real_socket
 .bss.real_setsockopt
                0x000000000805eaac        0x4 /home/laurentiu-flavius/Desktop/RIOT/RIOT_Project/bin/native/cpu/syscalls.o
                0x000000000805eaac                real_setsockopt
 .bss.real_setsid
                0x000000000805eab0        0x4 /home/laurentiu-flavius/Desktop/RIOT/RIOT_Project/bin/native/cpu/syscalls.o
                0x000000000805eab0                real_setsid
 .bss.real_setitimer
                0x000000000805eab4        0x4 /home/laurentiu-flavius/Desktop/RIOT/RIOT_Project/bin/native/cpu/syscalls.o
                0x000000000805eab4                real_setitimer
 .bss.real_poll
                0x000000000805eab8        0x4 /home/laurentiu-flavius/Desktop/RIOT/RIOT_Project/bin/native/cpu/syscalls.o
                0x000000000805eab8                real_poll
 .bss.real_select
                0x000000000805eabc        0x4 /home/laurentiu-flavius/Desktop/RIOT/RIOT_Project/bin/native/cpu/syscalls.o
                0x000000000805eabc                real_select
 .bss.real_pipe
                0x000000000805eac0        0x4 /home/laurentiu-flavius/Desktop/RIOT/RIOT_Project/bin/native/cpu/syscalls.o
                0x000000000805eac0                real_pipe
 .bss.real_pause
                0x000000000805eac4        0x4 /home/laurentiu-flavius/Desktop/RIOT/RIOT_Project/bin/native/cpu/syscalls.o
                0x000000000805eac4                real_pause
 .bss.real_open
                0x000000000805eac8        0x4 /home/laurentiu-flavius/Desktop/RIOT/RIOT_Project/bin/native/cpu/syscalls.o
                0x000000000805eac8                real_open
 .bss.real_ioctl
                0x000000000805eacc        0x4 /home/laurentiu-flavius/Desktop/RIOT/RIOT_Project/bin/native/cpu/syscalls.o
                0x000000000805eacc                real_ioctl
 .bss.real_listen
                0x000000000805ead0        0x4 /home/laurentiu-flavius/Desktop/RIOT/RIOT_Project/bin/native/cpu/syscalls.o
                0x000000000805ead0                real_listen
 .bss.real_ferror
                0x000000000805ead4        0x4 /home/laurentiu-flavius/Desktop/RIOT/RIOT_Project/bin/native/cpu/syscalls.o
                0x000000000805ead4                real_ferror
 .bss.real_feof
                0x000000000805ead8        0x4 /home/laurentiu-flavius/Desktop/RIOT/RIOT_Project/bin/native/cpu/syscalls.o
                0x000000000805ead8                real_feof
 .bss.real_fork
                0x000000000805eadc        0x4 /home/laurentiu-flavius/Desktop/RIOT/RIOT_Project/bin/native/cpu/syscalls.o
                0x000000000805eadc                real_fork
 .bss.real_execve
                0x000000000805eae0        0x4 /home/laurentiu-flavius/Desktop/RIOT/RIOT_Project/bin/native/cpu/syscalls.o
                0x000000000805eae0                real_execve
 .bss.real_dup2
                0x000000000805eae4        0x4 /home/laurentiu-flavius/Desktop/RIOT/RIOT_Project/bin/native/cpu/syscalls.o
                0x000000000805eae4                real_dup2
 .bss.real_creat
                0x000000000805eae8        0x4 /home/laurentiu-flavius/Desktop/RIOT/RIOT_Project/bin/native/cpu/syscalls.o
                0x000000000805eae8                real_creat
 .bss.real_fcntl
                0x000000000805eaec        0x4 /home/laurentiu-flavius/Desktop/RIOT/RIOT_Project/bin/native/cpu/syscalls.o
                0x000000000805eaec                real_fcntl
 .bss.real_close
                0x000000000805eaf0        0x4 /home/laurentiu-flavius/Desktop/RIOT/RIOT_Project/bin/native/cpu/syscalls.o
                0x000000000805eaf0                real_close
 .bss.real_chdir
                0x000000000805eaf4        0x4 /home/laurentiu-flavius/Desktop/RIOT/RIOT_Project/bin/native/cpu/syscalls.o
                0x000000000805eaf4                real_chdir
 .bss.real_getpid
                0x000000000805eaf8        0x4 /home/laurentiu-flavius/Desktop/RIOT/RIOT_Project/bin/native/cpu/syscalls.o
                0x000000000805eaf8                real_getpid
 .bss.real_gettimeofday
                0x000000000805eafc        0x4 /home/laurentiu-flavius/Desktop/RIOT/RIOT_Project/bin/native/cpu/syscalls.o
                0x000000000805eafc                real_gettimeofday
 .bss.real_getifaddrs
                0x000000000805eb00        0x4 /home/laurentiu-flavius/Desktop/RIOT/RIOT_Project/bin/native/cpu/syscalls.o
                0x000000000805eb00                real_getifaddrs
 .bss.real_getaddrinfo
                0x000000000805eb04        0x4 /home/laurentiu-flavius/Desktop/RIOT/RIOT_Project/bin/native/cpu/syscalls.o
                0x000000000805eb04                real_getaddrinfo
 .bss.real_printf
                0x000000000805eb08        0x4 /home/laurentiu-flavius/Desktop/RIOT/RIOT_Project/bin/native/cpu/syscalls.o
                0x000000000805eb08                real_printf
 .bss.real_connect
                0x000000000805eb0c        0x4 /home/laurentiu-flavius/Desktop/RIOT/RIOT_Project/bin/native/cpu/syscalls.o
                0x000000000805eb0c                real_connect
 .bss.real_bind
                0x000000000805eb10        0x4 /home/laurentiu-flavius/Desktop/RIOT/RIOT_Project/bin/native/cpu/syscalls.o
                0x000000000805eb10                real_bind
 .bss.real_accept
                0x000000000805eb14        0x4 /home/laurentiu-flavius/Desktop/RIOT/RIOT_Project/bin/native/cpu/syscalls.o
                0x000000000805eb14                real_accept
 .bss.real_srandom
                0x000000000805eb18        0x4 /home/laurentiu-flavius/Desktop/RIOT/RIOT_Project/bin/native/cpu/syscalls.o
                0x000000000805eb18                real_srandom
 .bss.real_freeifaddrs
                0x000000000805eb1c        0x4 /home/laurentiu-flavius/Desktop/RIOT/RIOT_Project/bin/native/cpu/syscalls.o
                0x000000000805eb1c                real_freeifaddrs
 .bss.real_freeaddrinfo
                0x000000000805eb20        0x4 /home/laurentiu-flavius/Desktop/RIOT/RIOT_Project/bin/native/cpu/syscalls.o
                0x000000000805eb20                real_freeaddrinfo
 .bss.real_realloc
                0x000000000805eb24        0x4 /home/laurentiu-flavius/Desktop/RIOT/RIOT_Project/bin/native/cpu/syscalls.o
                0x000000000805eb24                real_realloc
 .bss.real_calloc
                0x000000000805eb28        0x4 /home/laurentiu-flavius/Desktop/RIOT/RIOT_Project/bin/native/cpu/syscalls.o
                0x000000000805eb28                real_calloc
 .bss.real_malloc
                0x000000000805eb2c        0x4 /home/laurentiu-flavius/Desktop/RIOT/RIOT_Project/bin/native/cpu/syscalls.o
                0x000000000805eb2c                real_malloc
 .bss.real_free
                0x000000000805eb30        0x4 /home/laurentiu-flavius/Desktop/RIOT/RIOT_Project/bin/native/cpu/syscalls.o
                0x000000000805eb30                real_free
 .bss.real_exit
                0x000000000805eb34        0x4 /home/laurentiu-flavius/Desktop/RIOT/RIOT_Project/bin/native/cpu/syscalls.o
                0x000000000805eb34                real_exit
 .bss.real_clearerr
                0x000000000805eb38        0x4 /home/laurentiu-flavius/Desktop/RIOT/RIOT_Project/bin/native/cpu/syscalls.o
                0x000000000805eb38                real_clearerr
 .bss.real_fread
                0x000000000805eb3c        0x4 /home/laurentiu-flavius/Desktop/RIOT/RIOT_Project/bin/native/cpu/syscalls.o
                0x000000000805eb3c                real_fread
 .bss.real_write
                0x000000000805eb40        0x4 /home/laurentiu-flavius/Desktop/RIOT/RIOT_Project/bin/native/cpu/syscalls.o
                0x000000000805eb40                real_write
 .bss.real_read
                0x000000000805eb44        0x4 /home/laurentiu-flavius/Desktop/RIOT/RIOT_Project/bin/native/cpu/syscalls.o
                0x000000000805eb44                real_read
 .bss.port_numof
                0x000000000805eb48        0x4 /home/laurentiu-flavius/Desktop/RIOT/RIOT_Project/bin/native/periph/gpio_linux.o
 .bss.ports     0x000000000805eb4c        0x4 /home/laurentiu-flavius/Desktop/RIOT/RIOT_Project/bin/native/periph/gpio_linux.o
 .bss.itv       0x000000000805eb50       0x10 /home/laurentiu-flavius/Desktop/RIOT/RIOT_Project/bin/native/periph/timer.o
 .bss._cb_arg   0x000000000805eb60        0x4 /home/laurentiu-flavius/Desktop/RIOT/RIOT_Project/bin/native/periph/timer.o
 .bss._callback
                0x000000000805eb64        0x4 /home/laurentiu-flavius/Desktop/RIOT/RIOT_Project/bin/native/periph/timer.o
 .bss.time_null
                0x000000000805eb68        0x4 /home/laurentiu-flavius/Desktop/RIOT/RIOT_Project/bin/native/periph/timer.o
 .bss.tty_device_filenames
                0x000000000805eb6c        0x4 /home/laurentiu-flavius/Desktop/RIOT/RIOT_Project/bin/native/periph/uart.o
 *(COMMON)
                0x000000000805eb70                . = ALIGN ((. != 0x0)?0x4:0x1)
                0x000000000805eb70                . = ALIGN (0x4)
                0x000000000805eb70                . = SEGMENT_START ("ldata-segment", .)
                0x000000000805eb70                . = ALIGN (0x4)
                0x000000000805eb70                _end = .
                [!provide]                        PROVIDE (end = .)
                0x000000000805eb70                . = DATA_SEGMENT_END (.)

.stab
 *(.stab)

.stabstr
 *(.stabstr)

.stab.excl
 *(.stab.excl)

.stab.exclstr
 *(.stab.exclstr)

.stab.index
 *(.stab.index)

.stab.indexstr
 *(.stab.indexstr)

.comment        0x0000000000000000       0x2b
 *(.comment)
 .comment       0x0000000000000000       0x2b /usr/lib/gcc/x86_64-linux-gnu/9/32/crtbegin.o
                                         0x2c (size before relaxing)
 .comment       0x000000000000002b       0x2c /home/laurentiu-flavius/Desktop/RIOT/RIOT_Project/bin/native/application_riotlab1/client.o
 .comment       0x000000000000002b       0x2c /home/laurentiu-flavius/Desktop/RIOT/RIOT_Project/bin/native/auto_init/auto_init.o
 .comment       0x000000000000002b       0x2c /home/laurentiu-flavius/Desktop/RIOT/RIOT_Project/bin/native/board/board_init.o
 .comment       0x000000000000002b       0x2c /home/laurentiu-flavius/Desktop/RIOT/RIOT_Project/bin/native/board_common_init/board_common.o
 .comment       0x000000000000002b       0x2c /home/laurentiu-flavius/Desktop/RIOT/RIOT_Project/bin/native/core/cond.o
 .comment       0x000000000000002b       0x2c /home/laurentiu-flavius/Desktop/RIOT/RIOT_Project/bin/native/core_lib/assert.o
 .comment       0x000000000000002b       0x2c /home/laurentiu-flavius/Desktop/RIOT/RIOT_Project/bin/native/core_lib/atomic_c11.o
 .comment       0x000000000000002b       0x2c /home/laurentiu-flavius/Desktop/RIOT/RIOT_Project/bin/native/core_lib/bitarithm.o
 .comment       0x000000000000002b       0x2c /home/laurentiu-flavius/Desktop/RIOT/RIOT_Project/bin/native/core_lib/clist.o
 .comment       0x000000000000002b       0x2c /home/laurentiu-flavius/Desktop/RIOT/RIOT_Project/bin/native/core_lib/init.o
 .comment       0x000000000000002b       0x2c /home/laurentiu-flavius/Desktop/RIOT/RIOT_Project/bin/native/core_lib/panic.o
 .comment       0x000000000000002b       0x2c /home/laurentiu-flavius/Desktop/RIOT/RIOT_Project/bin/native/core_lib/priority_queue.o
 .comment       0x000000000000002b       0x2c /home/laurentiu-flavius/Desktop/RIOT/RIOT_Project/bin/native/core_lib/ringbuffer.o
 .comment       0x000000000000002b       0x2c /home/laurentiu-flavius/Desktop/RIOT/RIOT_Project/bin/native/core_lib/rmutex.o
 .comment       0x000000000000002b       0x2c /home/laurentiu-flavius/Desktop/RIOT/RIOT_Project/bin/native/core/msg.o
 .comment       0x000000000000002b       0x2c /home/laurentiu-flavius/Desktop/RIOT/RIOT_Project/bin/native/core/mutex.o
 .comment       0x000000000000002b       0x2c /home/laurentiu-flavius/Desktop/RIOT/RIOT_Project/bin/native/core/sched.o
 .comment       0x000000000000002b       0x2c /home/laurentiu-flavius/Desktop/RIOT/RIOT_Project/bin/native/core/thread.o
 .comment       0x000000000000002b       0x2c /home/laurentiu-flavius/Desktop/RIOT/RIOT_Project/bin/native/cpu/async_read.o
 .comment       0x000000000000002b       0x2c /home/laurentiu-flavius/Desktop/RIOT/RIOT_Project/bin/native/cpu/irq_cpu.o
 .comment       0x000000000000002b       0x2c /home/laurentiu-flavius/Desktop/RIOT/RIOT_Project/bin/native/cpu/native_cpu.o
 .comment       0x000000000000002b       0x2c /home/laurentiu-flavius/Desktop/RIOT/RIOT_Project/bin/native/cpu/panic.o
 .comment       0x000000000000002b       0x2c /home/laurentiu-flavius/Desktop/RIOT/RIOT_Project/bin/native/cpu/startup.o
 .comment       0x000000000000002b       0x2c /home/laurentiu-flavius/Desktop/RIOT/RIOT_Project/bin/native/cpu/syscalls.o
 .comment       0x000000000000002b       0x2c /home/laurentiu-flavius/Desktop/RIOT/RIOT_Project/bin/native/div/div.o
 .comment       0x000000000000002b       0x2c /home/laurentiu-flavius/Desktop/RIOT/RIOT_Project/bin/native/frac/frac.o
 .comment       0x000000000000002b       0x2c /home/laurentiu-flavius/Desktop/RIOT/RIOT_Project/bin/native/native_drivers/native-led.o
 .comment       0x000000000000002b       0x2c /home/laurentiu-flavius/Desktop/RIOT/RIOT_Project/bin/native/periph_common/gpio.o
 .comment       0x000000000000002b       0x2c /home/laurentiu-flavius/Desktop/RIOT/RIOT_Project/bin/native/periph_common/init_leds.o
 .comment       0x000000000000002b       0x2c /home/laurentiu-flavius/Desktop/RIOT/RIOT_Project/bin/native/periph_common/init.o
 .comment       0x000000000000002b       0x2c /home/laurentiu-flavius/Desktop/RIOT/RIOT_Project/bin/native/periph/gpio_linux.o
 .comment       0x000000000000002b       0x2c /home/laurentiu-flavius/Desktop/RIOT/RIOT_Project/bin/native/periph/pm.o
 .comment       0x000000000000002b       0x2c /home/laurentiu-flavius/Desktop/RIOT/RIOT_Project/bin/native/periph/timer.o
 .comment       0x000000000000002b       0x2c /home/laurentiu-flavius/Desktop/RIOT/RIOT_Project/bin/native/periph/uart.o
 .comment       0x000000000000002b       0x2c /home/laurentiu-flavius/Desktop/RIOT/RIOT_Project/bin/native/stdio_native/stdio_native.o
 .comment       0x000000000000002b       0x2c /home/laurentiu-flavius/Desktop/RIOT/RIOT_Project/bin/native/timex/timex.o
 .comment       0x000000000000002b       0x2c /home/laurentiu-flavius/Desktop/RIOT/RIOT_Project/bin/native/timex/timex_to_str.o
 .comment       0x000000000000002b       0x2c /home/laurentiu-flavius/Desktop/RIOT/RIOT_Project/bin/native/timex/tm.o
 .comment       0x000000000000002b       0x2c /home/laurentiu-flavius/Desktop/RIOT/RIOT_Project/bin/native/ztimer_core/convert_frac.o
 .comment       0x000000000000002b       0x2c /home/laurentiu-flavius/Desktop/RIOT/RIOT_Project/bin/native/ztimer_core/convert.o
 .comment       0x000000000000002b       0x2c /home/laurentiu-flavius/Desktop/RIOT/RIOT_Project/bin/native/ztimer_core/convert_shift.o
 .comment       0x000000000000002b       0x2c /home/laurentiu-flavius/Desktop/RIOT/RIOT_Project/bin/native/ztimer_core/core.o
 .comment       0x000000000000002b       0x2c /home/laurentiu-flavius/Desktop/RIOT/RIOT_Project/bin/native/ztimer_core/init.o
 .comment       0x000000000000002b       0x2c /home/laurentiu-flavius/Desktop/RIOT/RIOT_Project/bin/native/ztimer_core/periodic.o
 .comment       0x000000000000002b       0x2c /home/laurentiu-flavius/Desktop/RIOT/RIOT_Project/bin/native/ztimer_core/periph_timer.o
 .comment       0x000000000000002b       0x2c /home/laurentiu-flavius/Desktop/RIOT/RIOT_Project/bin/native/ztimer_core/util.o
 .comment       0x000000000000002b       0x2c /usr/lib/gcc/x86_64-linux-gnu/9/32/crtend.o

.gnu.build.attributes
 *(.gnu.build.attributes .gnu.build.attributes.*)

.debug
 *(.debug)

.line
 *(.line)

.debug_srcinfo
 *(.debug_srcinfo)

.debug_sfnames
 *(.debug_sfnames)

.debug_aranges  0x0000000000000000      0xea0
 *(.debug_aranges)
 .debug_aranges
                0x0000000000000000       0x28 /home/laurentiu-flavius/Desktop/RIOT/RIOT_Project/bin/native/application_riotlab1/client.o
 .debug_aranges
                0x0000000000000028       0x20 /home/laurentiu-flavius/Desktop/RIOT/RIOT_Project/bin/native/auto_init/auto_init.o
 .debug_aranges
                0x0000000000000048       0x20 /home/laurentiu-flavius/Desktop/RIOT/RIOT_Project/bin/native/board/board_init.o
 .debug_aranges
                0x0000000000000068       0x20 /home/laurentiu-flavius/Desktop/RIOT/RIOT_Project/bin/native/board_common_init/board_common.o
 .debug_aranges
                0x0000000000000088       0x40 /home/laurentiu-flavius/Desktop/RIOT/RIOT_Project/bin/native/core/cond.o
 .debug_aranges
                0x00000000000000c8       0x28 /home/laurentiu-flavius/Desktop/RIOT/RIOT_Project/bin/native/core_lib/assert.o
 .debug_aranges
                0x00000000000000f0      0x240 /home/laurentiu-flavius/Desktop/RIOT/RIOT_Project/bin/native/core_lib/atomic_c11.o
 .debug_aranges
                0x0000000000000330       0x28 /home/laurentiu-flavius/Desktop/RIOT/RIOT_Project/bin/native/core_lib/bitarithm.o
 .debug_aranges
                0x0000000000000358       0x20 /home/laurentiu-flavius/Desktop/RIOT/RIOT_Project/bin/native/core_lib/clist.o
 .debug_aranges
                0x0000000000000378       0x30 /home/laurentiu-flavius/Desktop/RIOT/RIOT_Project/bin/native/core_lib/init.o
 .debug_aranges
                0x00000000000003a8       0x30 /home/laurentiu-flavius/Desktop/RIOT/RIOT_Project/bin/native/core_lib/panic.o
 .debug_aranges
                0x00000000000003d8       0x30 /home/laurentiu-flavius/Desktop/RIOT/RIOT_Project/bin/native/core_lib/priority_queue.o
 .debug_aranges
                0x0000000000000408       0x60 /home/laurentiu-flavius/Desktop/RIOT/RIOT_Project/bin/native/core_lib/ringbuffer.o
 .debug_aranges
                0x0000000000000468       0x38 /home/laurentiu-flavius/Desktop/RIOT/RIOT_Project/bin/native/core_lib/rmutex.o
 .debug_aranges
                0x00000000000004a0       0xb8 /home/laurentiu-flavius/Desktop/RIOT/RIOT_Project/bin/native/core/msg.o
 .debug_aranges
                0x0000000000000558       0x48 /home/laurentiu-flavius/Desktop/RIOT/RIOT_Project/bin/native/core/mutex.o
 .debug_aranges
                0x00000000000005a0       0x48 /home/laurentiu-flavius/Desktop/RIOT/RIOT_Project/bin/native/core/sched.o
 .debug_aranges
                0x00000000000005e8       0x70 /home/laurentiu-flavius/Desktop/RIOT/RIOT_Project/bin/native/core/thread.o
 .debug_aranges
                0x0000000000000658       0x58 /home/laurentiu-flavius/Desktop/RIOT/RIOT_Project/bin/native/cpu/async_read.o
 .debug_aranges
                0x00000000000006b0       0xb0 /home/laurentiu-flavius/Desktop/RIOT/RIOT_Project/bin/native/cpu/irq_cpu.o
 .debug_aranges
                0x0000000000000760       0x60 /home/laurentiu-flavius/Desktop/RIOT/RIOT_Project/bin/native/cpu/native_cpu.o
 .debug_aranges
                0x00000000000007c0       0x20 /home/laurentiu-flavius/Desktop/RIOT/RIOT_Project/bin/native/cpu/panic.o
 .debug_aranges
                0x00000000000007e0       0x50 /home/laurentiu-flavius/Desktop/RIOT/RIOT_Project/bin/native/cpu/startup.o
 .debug_aranges
                0x0000000000000830      0x100 /home/laurentiu-flavius/Desktop/RIOT/RIOT_Project/bin/native/cpu/syscalls.o
 .debug_aranges
                0x0000000000000930       0x20 /home/laurentiu-flavius/Desktop/RIOT/RIOT_Project/bin/native/cpu/tramp.o
 .debug_aranges
                0x0000000000000950       0x20 /home/laurentiu-flavius/Desktop/RIOT/RIOT_Project/bin/native/div/div.o
 .debug_aranges
                0x0000000000000970       0x30 /home/laurentiu-flavius/Desktop/RIOT/RIOT_Project/bin/native/frac/frac.o
 .debug_aranges
                0x00000000000009a0       0x48 /home/laurentiu-flavius/Desktop/RIOT/RIOT_Project/bin/native/native_drivers/native-led.o
 .debug_aranges
                0x00000000000009e8       0x20 /home/laurentiu-flavius/Desktop/RIOT/RIOT_Project/bin/native/periph_common/gpio.o
 .debug_aranges
                0x0000000000000a08       0x20 /home/laurentiu-flavius/Desktop/RIOT/RIOT_Project/bin/native/periph_common/init_leds.o
 .debug_aranges
                0x0000000000000a28       0x20 /home/laurentiu-flavius/Desktop/RIOT/RIOT_Project/bin/native/periph_common/init.o
 .debug_aranges
                0x0000000000000a48       0x60 /home/laurentiu-flavius/Desktop/RIOT/RIOT_Project/bin/native/periph/gpio_linux.o
 .debug_aranges
                0x0000000000000aa8       0x40 /home/laurentiu-flavius/Desktop/RIOT/RIOT_Project/bin/native/periph/pm.o
 .debug_aranges
                0x0000000000000ae8       0x70 /home/laurentiu-flavius/Desktop/RIOT/RIOT_Project/bin/native/periph/timer.o
 .debug_aranges
                0x0000000000000b58       0x48 /home/laurentiu-flavius/Desktop/RIOT/RIOT_Project/bin/native/periph/uart.o
 .debug_aranges
                0x0000000000000ba0       0x30 /home/laurentiu-flavius/Desktop/RIOT/RIOT_Project/bin/native/stdio_native/stdio_native.o
 .debug_aranges
                0x0000000000000bd0       0x38 /home/laurentiu-flavius/Desktop/RIOT/RIOT_Project/bin/native/timex/timex.o
 .debug_aranges
                0x0000000000000c08       0x28 /home/laurentiu-flavius/Desktop/RIOT/RIOT_Project/bin/native/timex/timex_to_str.o
 .debug_aranges
                0x0000000000000c30       0x48 /home/laurentiu-flavius/Desktop/RIOT/RIOT_Project/bin/native/timex/tm.o
 .debug_aranges
                0x0000000000000c78       0x38 /home/laurentiu-flavius/Desktop/RIOT/RIOT_Project/bin/native/ztimer_core/convert_frac.o
 .debug_aranges
                0x0000000000000cb0       0x28 /home/laurentiu-flavius/Desktop/RIOT/RIOT_Project/bin/native/ztimer_core/convert.o
 .debug_aranges
                0x0000000000000cd8       0x40 /home/laurentiu-flavius/Desktop/RIOT/RIOT_Project/bin/native/ztimer_core/convert_shift.o
 .debug_aranges
                0x0000000000000d18       0x78 /home/laurentiu-flavius/Desktop/RIOT/RIOT_Project/bin/native/ztimer_core/core.o
 .debug_aranges
                0x0000000000000d90       0x20 /home/laurentiu-flavius/Desktop/RIOT/RIOT_Project/bin/native/ztimer_core/init.o
 .debug_aranges
                0x0000000000000db0       0x40 /home/laurentiu-flavius/Desktop/RIOT/RIOT_Project/bin/native/ztimer_core/periodic.o
 .debug_aranges
                0x0000000000000df0       0x40 /home/laurentiu-flavius/Desktop/RIOT/RIOT_Project/bin/native/ztimer_core/periph_timer.o
 .debug_aranges
                0x0000000000000e30       0x70 /home/laurentiu-flavius/Desktop/RIOT/RIOT_Project/bin/native/ztimer_core/util.o

.debug_pubnames
 *(.debug_pubnames)

.debug_info     0x0000000000000000    0x26476
 *(.debug_info .gnu.linkonce.wi.*)